Archive member included to satisfy reference by file (symbol)

c:/eclipse_e-puck2/tools/gcc-arm-none-eabi-7-2017-q4-major-win32/bin/../lib/gcc/arm-none-eabi/7.2.1/../../../../arm-none-eabi/lib/thumb/v7e-m/fpv4-sp/hard\libm.a(lib_a-s_cos.o)
                              build/obj/map.o (cos)
c:/eclipse_e-puck2/tools/gcc-arm-none-eabi-7-2017-q4-major-win32/bin/../lib/gcc/arm-none-eabi/7.2.1/../../../../arm-none-eabi/lib/thumb/v7e-m/fpv4-sp/hard\libm.a(lib_a-s_sin.o)
                              build/obj/map.o (sin)
c:/eclipse_e-puck2/tools/gcc-arm-none-eabi-7-2017-q4-major-win32/bin/../lib/gcc/arm-none-eabi/7.2.1/../../../../arm-none-eabi/lib/thumb/v7e-m/fpv4-sp/hard\libm.a(lib_a-wf_atan2.o)
                              build/obj/cmd.o (atan2f)
c:/eclipse_e-puck2/tools/gcc-arm-none-eabi-7-2017-q4-major-win32/bin/../lib/gcc/arm-none-eabi/7.2.1/../../../../arm-none-eabi/lib/thumb/v7e-m/fpv4-sp/hard\libm.a(lib_a-wf_sqrt.o)
                              build/obj/cmd.o (sqrtf)
c:/eclipse_e-puck2/tools/gcc-arm-none-eabi-7-2017-q4-major-win32/bin/../lib/gcc/arm-none-eabi/7.2.1/../../../../arm-none-eabi/lib/thumb/v7e-m/fpv4-sp/hard\libm.a(lib_a-e_rem_pio2.o)
                              c:/eclipse_e-puck2/tools/gcc-arm-none-eabi-7-2017-q4-major-win32/bin/../lib/gcc/arm-none-eabi/7.2.1/../../../../arm-none-eabi/lib/thumb/v7e-m/fpv4-sp/hard\libm.a(lib_a-s_cos.o) (__ieee754_rem_pio2)
c:/eclipse_e-puck2/tools/gcc-arm-none-eabi-7-2017-q4-major-win32/bin/../lib/gcc/arm-none-eabi/7.2.1/../../../../arm-none-eabi/lib/thumb/v7e-m/fpv4-sp/hard\libm.a(lib_a-ef_atan2.o)
                              c:/eclipse_e-puck2/tools/gcc-arm-none-eabi-7-2017-q4-major-win32/bin/../lib/gcc/arm-none-eabi/7.2.1/../../../../arm-none-eabi/lib/thumb/v7e-m/fpv4-sp/hard\libm.a(lib_a-wf_atan2.o) (__ieee754_atan2f)
c:/eclipse_e-puck2/tools/gcc-arm-none-eabi-7-2017-q4-major-win32/bin/../lib/gcc/arm-none-eabi/7.2.1/../../../../arm-none-eabi/lib/thumb/v7e-m/fpv4-sp/hard\libm.a(lib_a-ef_sqrt.o)
                              c:/eclipse_e-puck2/tools/gcc-arm-none-eabi-7-2017-q4-major-win32/bin/../lib/gcc/arm-none-eabi/7.2.1/../../../../arm-none-eabi/lib/thumb/v7e-m/fpv4-sp/hard\libm.a(lib_a-wf_sqrt.o) (__ieee754_sqrtf)
c:/eclipse_e-puck2/tools/gcc-arm-none-eabi-7-2017-q4-major-win32/bin/../lib/gcc/arm-none-eabi/7.2.1/../../../../arm-none-eabi/lib/thumb/v7e-m/fpv4-sp/hard\libm.a(lib_a-k_cos.o)
                              c:/eclipse_e-puck2/tools/gcc-arm-none-eabi-7-2017-q4-major-win32/bin/../lib/gcc/arm-none-eabi/7.2.1/../../../../arm-none-eabi/lib/thumb/v7e-m/fpv4-sp/hard\libm.a(lib_a-s_cos.o) (__kernel_cos)
c:/eclipse_e-puck2/tools/gcc-arm-none-eabi-7-2017-q4-major-win32/bin/../lib/gcc/arm-none-eabi/7.2.1/../../../../arm-none-eabi/lib/thumb/v7e-m/fpv4-sp/hard\libm.a(lib_a-k_rem_pio2.o)
                              c:/eclipse_e-puck2/tools/gcc-arm-none-eabi-7-2017-q4-major-win32/bin/../lib/gcc/arm-none-eabi/7.2.1/../../../../arm-none-eabi/lib/thumb/v7e-m/fpv4-sp/hard\libm.a(lib_a-e_rem_pio2.o) (__kernel_rem_pio2)
c:/eclipse_e-puck2/tools/gcc-arm-none-eabi-7-2017-q4-major-win32/bin/../lib/gcc/arm-none-eabi/7.2.1/../../../../arm-none-eabi/lib/thumb/v7e-m/fpv4-sp/hard\libm.a(lib_a-k_sin.o)
                              c:/eclipse_e-puck2/tools/gcc-arm-none-eabi-7-2017-q4-major-win32/bin/../lib/gcc/arm-none-eabi/7.2.1/../../../../arm-none-eabi/lib/thumb/v7e-m/fpv4-sp/hard\libm.a(lib_a-s_cos.o) (__kernel_sin)
c:/eclipse_e-puck2/tools/gcc-arm-none-eabi-7-2017-q4-major-win32/bin/../lib/gcc/arm-none-eabi/7.2.1/../../../../arm-none-eabi/lib/thumb/v7e-m/fpv4-sp/hard\libm.a(lib_a-s_fabs.o)
                              c:/eclipse_e-puck2/tools/gcc-arm-none-eabi-7-2017-q4-major-win32/bin/../lib/gcc/arm-none-eabi/7.2.1/../../../../arm-none-eabi/lib/thumb/v7e-m/fpv4-sp/hard\libm.a(lib_a-e_rem_pio2.o) (fabs)
c:/eclipse_e-puck2/tools/gcc-arm-none-eabi-7-2017-q4-major-win32/bin/../lib/gcc/arm-none-eabi/7.2.1/../../../../arm-none-eabi/lib/thumb/v7e-m/fpv4-sp/hard\libm.a(lib_a-s_floor.o)
                              c:/eclipse_e-puck2/tools/gcc-arm-none-eabi-7-2017-q4-major-win32/bin/../lib/gcc/arm-none-eabi/7.2.1/../../../../arm-none-eabi/lib/thumb/v7e-m/fpv4-sp/hard\libm.a(lib_a-k_rem_pio2.o) (floor)
c:/eclipse_e-puck2/tools/gcc-arm-none-eabi-7-2017-q4-major-win32/bin/../lib/gcc/arm-none-eabi/7.2.1/../../../../arm-none-eabi/lib/thumb/v7e-m/fpv4-sp/hard\libm.a(lib_a-s_lib_ver.o)
                              c:/eclipse_e-puck2/tools/gcc-arm-none-eabi-7-2017-q4-major-win32/bin/../lib/gcc/arm-none-eabi/7.2.1/../../../../arm-none-eabi/lib/thumb/v7e-m/fpv4-sp/hard\libm.a(lib_a-wf_sqrt.o) (__fdlib_version)
c:/eclipse_e-puck2/tools/gcc-arm-none-eabi-7-2017-q4-major-win32/bin/../lib/gcc/arm-none-eabi/7.2.1/../../../../arm-none-eabi/lib/thumb/v7e-m/fpv4-sp/hard\libm.a(lib_a-s_matherr.o)
[...]
Memory Configuration

Name             Origin             Length             Attributes
flash            0x08000000         0x000c0000
aseba_bytecode   0x080c0000         0x00020000
config           0x080e0000         0x00020000
ram              0x20000000         0x0001c000
ethram           0x2001c000         0x00004000
ccmram           0x10000000         0x00010000
ram0             0x20000000         0x00020000
ram1             0x20000000         0x0001c000
ram2             0x2001c000         0x00004000
ram3             0x00000000         0x00000000
ram4             0x10000000         0x00010000
ram5             0x40024000         0x00001000
ram6             0x00000000         0x00000000
ram7             0x00000000         0x00000000
*default*        0x00000000         0xffffffff

Linker script and memory map

LOAD build/obj/crt0_v7m.o
LOAD build/obj/chcoreasm_v7m.o
LOAD build/obj/main.o
LOAD build/obj/pi_regulator.o
LOAD build/obj/move.o
LOAD build/obj/map.o
LOAD build/obj/transmission.o
LOAD build/obj/spi3_slave_lld.o
LOAD build/obj/dcmi_lld.o
LOAD build/obj/dcmi.o
LOAD build/obj/spi3_slave.o
LOAD build/obj/audio_thread.o
LOAD build/obj/microphone.o
LOAD build/obj/mp45dt02_processing.o
LOAD build/obj/play_melody.o
LOAD build/obj/button.o
LOAD build/obj/dcmi_camera.o
LOAD build/obj/po8030.o
LOAD build/obj/cmd.o
LOAD build/obj/Asercom.o
LOAD build/obj/Asercom2.o
LOAD build/obj/DataEEPROM.o
LOAD build/obj/e_I2C_protocol.o
LOAD build/obj/e_acc.o
LOAD build/obj/e_ad_conv.o
LOAD build/obj/e_micro.o
LOAD build/obj/e_prox.o
LOAD build/obj/e_lsm330.o
LOAD build/obj/e_common.o
LOAD build/obj/e_sound.o
LOAD build/obj/e_agenda.o
LOAD build/obj/e_led.o
LOAD build/obj/e_motors.o
LOAD build/obj/e_remote_control.o
LOAD build/obj/e_init_port.o
LOAD build/obj/e_uart_char.o
LOAD build/obj/utility.o
LOAD build/obj/exti.o
LOAD build/obj/flash.o
LOAD build/obj/i2c_bus.o
LOAD build/obj/ir_remote.o
LOAD build/obj/leds.o
LOAD build/obj/memory_protection.o
LOAD build/obj/motors.o
LOAD build/obj/panic.o
LOAD build/obj/selector.o
LOAD build/obj/battery_level.o
LOAD build/obj/imu.o
LOAD build/obj/mpu9250.o
LOAD build/obj/proximity.o
LOAD build/obj/spi_comm.o
LOAD build/obj/sdio.o
LOAD build/obj/usbcfg.o
LOAD build/obj/uc_usage.o
LOAD build/obj/malloc_lock.o
LOAD build/obj/newlib_syscalls.o
LOAD build/obj/port.o
LOAD build/obj/communication.o
LOAD build/obj/config_flash_storage.o
LOAD build/obj/vl53l0x_api.o
LOAD build/obj/vl53l0x_api_calibration.o
LOAD build/obj/vl53l0x_api_core.o
LOAD build/obj/vl53l0x_api_ranging.o
LOAD build/obj/vl53l0x_api_strings.o
LOAD build/obj/vl53l0x_i2c_platform.o
LOAD build/obj/vl53l0x_platform.o
LOAD build/obj/VL53L0X.o
LOAD build/obj/serial_datagram.o
LOAD build/obj/cmp.o
LOAD build/obj/cmp_mem_access.o
LOAD build/obj/crc16.o
LOAD build/obj/crc32.o
LOAD build/obj/messagebus.o
LOAD build/obj/parameter.o
LOAD build/obj/parameter_msgpack.o
LOAD build/obj/parameter_print.o
LOAD build/obj/fat.o
LOAD build/obj/play_sound_file.o
LOAD build/obj/crt1.o
LOAD build/obj/vectors.o
LOAD build/obj/chsys.o
LOAD build/obj/chdebug.o
LOAD build/obj/chvt.o
LOAD build/obj/chschd.o
LOAD build/obj/chthreads.o
LOAD build/obj/chtm.o
LOAD build/obj/chstats.o
LOAD build/obj/chdynamic.o
LOAD build/obj/chregistry.o
LOAD build/obj/chsem.o
LOAD build/obj/chmtx.o
LOAD build/obj/chcond.o
LOAD build/obj/chevents.o
LOAD build/obj/chmsg.o
LOAD build/obj/chmboxes.o
LOAD build/obj/chqueues.o
LOAD build/obj/chmemcore.o
LOAD build/obj/chheap.o
LOAD build/obj/chmempools.o
LOAD build/obj/chcore.o
LOAD build/obj/chcore_v7m.o
LOAD build/obj/osal.o
LOAD build/obj/hal.o
LOAD build/obj/hal_queues.o
LOAD build/obj/hal_mmcsd.o
LOAD build/obj/adc.o
LOAD build/obj/can.o
LOAD build/obj/dac.o
LOAD build/obj/ext.o
LOAD build/obj/gpt.o
LOAD build/obj/i2c.o
LOAD build/obj/i2s.o
LOAD build/obj/icu.o
LOAD build/obj/mac.o
LOAD build/obj/mmc_spi.o
LOAD build/obj/pal.o
LOAD build/obj/pwm.o
LOAD build/obj/rtc.o
LOAD build/obj/sdc.o
LOAD build/obj/serial.o
LOAD build/obj/serial_usb.o
LOAD build/obj/spi.o
LOAD build/obj/st.o
LOAD build/obj/uart.o
LOAD build/obj/usb.o
LOAD build/obj/nvic.o
LOAD build/obj/stm32_dma.o
LOAD build/obj/hal_lld.o
LOAD build/obj/adc_lld.o
LOAD build/obj/ext_lld_isr.o
LOAD build/obj/can_lld.o
LOAD build/obj/ext_lld.o
LOAD build/obj/mac_lld.o
LOAD build/obj/sdc_lld.o
LOAD build/obj/dac_lld.o
LOAD build/obj/pal_lld.o
LOAD build/obj/i2c_lld.o
LOAD build/obj/usb_lld.o
LOAD build/obj/rtc_lld.o
LOAD build/obj/i2s_lld.o
LOAD build/obj/spi_lld.o
LOAD build/obj/gpt_lld.o
LOAD build/obj/icu_lld.o
LOAD build/obj/pwm_lld.o
LOAD build/obj/st_lld.o
LOAD build/obj/serial_lld.o
LOAD build/obj/uart_lld.o
LOAD build/obj/board.o
LOAD build/obj/test.o
LOAD build/obj/testthd.o
LOAD build/obj/testsem.o
LOAD build/obj/testmtx.o
LOAD build/obj/testmsg.o
LOAD build/obj/testmbox.o
LOAD build/obj/testevt.o
LOAD build/obj/testheap.o
LOAD build/obj/testpools.o
LOAD build/obj/testdyn.o
LOAD build/obj/testqueues.o
LOAD build/obj/testsys.o
LOAD build/obj/testbmk.o
LOAD build/obj/shell.o
LOAD build/obj/memstreams.o
LOAD build/obj/chprintf.o
LOAD build/obj/fatfs_diskio.o
LOAD build/obj/fatfs_syscall.o
LOAD build/obj/ff.o
LOAD build/obj/unicode.o
LOAD build/obj/vm-buffer.o
LOAD build/obj/can-buffer.o
LOAD build/obj/can-net.o
LOAD build/obj/natives.o
LOAD build/obj/vm.o
LOAD build/obj/aseba_can_interface.o
LOAD build/obj/aseba_node.o
LOAD build/obj/skel_user.o
LOAD build/obj/aseba_bridge.o
                0x080c0000                _aseba_bytecode_start = ORIGIN (aseba_bytecode)
                0x080e0000                _aseba_bytecode_end = (ORIGIN (aseba_bytecode) + LENGTH (aseba_bytecode))
                0x080e0000                _config_start = ORIGIN (config)
                0x08100000                _config_end = (ORIGIN (config) + LENGTH (config))
                0x20000000                __ram0_start__ = ORIGIN (ram0)
                0x00020000                __ram0_size__ = LENGTH (ram0)
                0x20020000                __ram0_end__ = (__ram0_start__ + __ram0_size__)
                0x20000000                __ram1_start__ = ORIGIN (ram1)
                0x0001c000                __ram1_size__ = LENGTH (ram1)
                0x2001c000                __ram1_end__ = (__ram1_start__ + __ram1_size__)
                0x2001c000                __ram2_start__ = ORIGIN (ram2)
                0x00004000                __ram2_size__ = LENGTH (ram2)
                0x20020000                __ram2_end__ = (__ram2_start__ + __ram2_size__)
                0x00000000                __ram3_start__ = ORIGIN (ram3)
                0x00000000                __ram3_size__ = LENGTH (ram3)
                0x00000000                __ram3_end__ = (__ram3_start__ + __ram3_size__)
                0x10000000                __ram4_start__ = ORIGIN (ram4)
                0x00010000                __ram4_size__ = LENGTH (ram4)
                0x10010000                __ram4_end__ = (__ram4_start__ + __ram4_size__)
                0x40024000                __ram5_start__ = ORIGIN (ram5)
                0x00001000                __ram5_size__ = LENGTH (ram5)
                0x40025000                __ram5_end__ = (__ram5_start__ + __ram5_size__)
                0x00000000                __ram6_start__ = ORIGIN (ram6)
                0x00000000                __ram6_size__ = LENGTH (ram6)
                0x00000000                __ram6_end__ = (__ram6_start__ + __ram6_size__)
                0x00000000                __ram7_start__ = ORIGIN (ram7)
                0x00000000                __ram7_size__ = LENGTH (ram7)
                0x00000000                __ram7_end__ = (__ram7_start__ + __ram7_size__)
                0x00000000                . = 0x0
                0x00000000                _text = .

startup         0x08000000      0x1c0
 *(.vectors)
 .vectors       0x08000000      0x1c0 build/obj/vectors.o
                0x08000000                _vectors

constructors    0x080001c0        0x0
                0x080001c0                PROVIDE (__init_array_start, .)
 *(SORT_BY_NAME(.init_array.*))
 *(.init_array)
                0x080001c0                PROVIDE (__init_array_end, .)

destructors     0x080001c0        0x0
                0x080001c0                PROVIDE (__fini_array_start, .)
 *(.fini_array)
 *(SORT_BY_NAME(.fini_array.*))
                0x080001c0                PROVIDE (__fini_array_end, .)

.text           0x080001c0    0x10e2c
 *(.text)
 .text          0x080001c0       0xf0 build/obj/crt0_v7m.o
                0x080001c0                Reset_Handler
 .text          0x080002b0       0x48 build/obj/chcoreasm_v7m.o
                0x080002b0                _port_switch
                0x080002c8                _port_thread_start
                0x080002e0                _port_switch_from_isr
                0x080002f4                _port_exit_from_isr
 *fill*         0x080002f8        0x8 
 .text          0x08000300      0x378 c:/eclipse_e-puck2/tools/gcc-arm-none-eabi-7-2017-q4-major-win32/bin/../lib/gcc/arm-none-eabi/7.2.1/thumb/v7e-m/fpv4-sp/hard\libgcc.a(_arm_addsubdf3.o)
                0x08000300                __aeabi_drsub
                0x08000308                __aeabi_dsub
                0x08000308                __subdf3
                0x0800030c                __aeabi_dadd
                0x0800030c                __adddf3
                0x08000584                __floatunsidf
                0x08000584                __aeabi_ui2d
                0x080005a4                __floatsidf
                0x080005a4                __aeabi_i2d
                0x080005c8                __aeabi_f2d
                0x080005c8                __extendsfdf2
                0x0800060c                __floatundidf
                0x0800060c                __aeabi_ul2d
                0x0800061c                __floatdidf
                0x0800061c                __aeabi_l2d
 *fill*         0x08000678        0x8 
 .text          0x08000680      0x424 c:/eclipse_e-puck2/tools/gcc-arm-none-eabi-7-2017-q4-major-win32/bin/../lib/gcc/arm-none-eabi/7.2.1/thumb/v7e-m/fpv4-sp/hard\libgcc.a(_arm_muldivdf3.o)
                0x08000680                __aeabi_dmul
                0x08000680                __muldf3
                0x080008d4                __divdf3
                0x080008d4                __aeabi_ddiv
 *fill*         0x08000aa4        0xc 
 .text          0x08000ab0      0x110 c:/eclipse_e-puck2/tools/gcc-arm-none-eabi-7-2017-q4-major-win32/bin/../lib/gcc/arm-none-eabi/7.2.1/thumb/v7e-m/fpv4-sp/hard\libgcc.a(_arm_cmpdf2.o)
                0x08000ab0                __gtdf2
                0x08000ab0                __gedf2
                0x08000ab8                __ltdf2
                0x08000ab8                __ledf2
                0x08000ac0                __nedf2
                0x08000ac0                __eqdf2
                0x08000ac0                __cmpdf2
                0x08000b3c                __aeabi_cdrcmple
                0x08000b4c                __aeabi_cdcmpeq
                0x08000b4c                __aeabi_cdcmple
                0x08000b5c                __aeabi_dcmpeq
                0x08000b70                __aeabi_dcmplt
                0x08000b84                __aeabi_dcmple
                0x08000b98                __aeabi_dcmpge
                0x08000bac                __aeabi_dcmpgt
 .text          0x08000bc0       0x50 c:/eclipse_e-puck2/tools/gcc-arm-none-eabi-7-2017-q4-major-win32/bin/../lib/gcc/arm-none-eabi/7.2.1/thumb/v7e-m/fpv4-sp/hard\libgcc.a(_arm_fixdfsi.o)
                0x08000bc0                __aeabi_d2iz
                0x08000bc0                __fixdfsi
 .text          0x08000c10       0x30 c:/eclipse_e-puck2/tools/gcc-arm-none-eabi-7-2017-q4-major-win32/bin/../lib/gcc/arm-none-eabi/7.2.1/thumb/v7e-m/fpv4-sp/hard\libgcc.a(_aeabi_uldivmod.o)
                0x08000c10                __aeabi_uldivmod
 .text          0x08000c40      0x2cc c:/eclipse_e-puck2/tools/gcc-arm-none-eabi-7-2017-q4-major-win32/bin/../lib/gcc/arm-none-eabi/7.2.1/thumb/v7e-m/fpv4-sp/hard\libgcc.a(_udivmoddi4.o)
                0x08000c40                __udivmoddi4
 *fill*         0x08000f0c        0x4 
 .text          0x08000f10        0x4 c:/eclipse_e-puck2/tools/gcc-arm-none-eabi-7-2017-q4-major-win32/bin/../lib/gcc/arm-none-eabi/7.2.1/thumb/v7e-m/fpv4-sp/hard\libgcc.a(_dvmd_tls.o)
                0x08000f10                __aeabi_idiv0
                0x08000f10                __aeabi_ldiv0
 *fill*         0x08000f14        0xc 
 .text          0x08000f20      0x134 c:/eclipse_e-puck2/tools/gcc-arm-none-eabi-7-2017-q4-major-win32/bin/../lib/gcc/arm-none-eabi/7.2.1/../../../../arm-none-eabi/lib/thumb/v7e-m/fpv4-sp/hard\libg.a(lib_a-memcpy.o)
                0x08000f20                memcpy
 *fill*         0x08001054        0xc 
 .text          0x08001060       0xdc c:/eclipse_e-puck2/tools/gcc-arm-none-eabi-7-2017-q4-major-win32/bin/../lib/gcc/arm-none-eabi/7.2.1/../../../../arm-none-eabi/lib/thumb/v7e-m/fpv4-sp/hard\libg.a(lib_a-strlen.o)
                0x08001060                strlen
 *fill*         0x0800113c        0x4 
 .text          0x08001140       0xa0 c:/eclipse_e-puck2/tools/gcc-arm-none-eabi-7-2017-q4-major-win32/bin/../lib/gcc/arm-none-eabi/7.2.1/../../../../arm-none-eabi/lib/thumb/v7e-m/fpv4-sp/hard\libg.a(lib_a-memchr.o)
                0x08001140                memchr
 .text          0x080011e0       0x2c c:/eclipse_e-puck2/tools/gcc-arm-none-eabi-7-2017-q4-major-win32/bin/../lib/gcc/arm-none-eabi/7.2.1/thumb/v7e-m/fpv4-sp/hard\libgcc.a(_arm_unorddf2.o)
                0x080011e0                __unorddf2
                0x080011e0                __aeabi_dcmpun
 *(.text.*)
 *fill*         0x0800120c        0x4 
 .text.calibrate
                0x08001210       0x3c build/obj/main.o
                0x08001210                calibrate
 *fill*         0x0800124c        0x4 
 .text.startup.main
                0x08001250      0x194 build/obj/main.o
                0x08001250                main
 *fill*         0x080013e4        0xc 
 .text.__stack_chk_fail
                0x080013f0       0x2c build/obj/main.o
                0x080013f0                __stack_chk_fail
 *fill*         0x0800141c        0x4 
 .text.new_point
                0x08001420       0x58 build/obj/map.o
                0x08001420                new_point
 *fill*         0x08001478        0x8 
 .text.destroy_point
                0x08001480       0x5c build/obj/map.o
                0x08001480                destroy_point
 *fill*         0x080014dc        0x4 
 .text.new_wall
                0x080014e0       0x58 build/obj/map.o
                0x080014e0                new_wall
 *fill*         0x08001538        0x8 
 .text.map_log_new_point
                0x08001540      0x24c build/obj/map.o
                0x08001540                map_log_new_point
 *fill*         0x0800178c        0x4 
 .text.map_log_corner
                0x08001790      0x10c build/obj/map.o
                0x08001790                map_log_corner
 *fill*         0x0800189c        0x4 
 .text.map_send_all_data_to_computer
                0x080018a0      0x104 build/obj/map.o
                0x080018a0                map_send_all_data_to_computer
 *fill*         0x080019a4        0xc 
 .text.serial_start
                0x080019b0       0x30 build/obj/transmission.o
                0x080019b0                serial_start
 .text.send_char_to_computer
                0x080019e0       0x34 build/obj/transmission.o
                0x080019e0                send_char_to_computer
 *fill*         0x08001a14        0xc 
 .text.send_int16_to_computer
                0x08001a20       0x34 build/obj/transmission.o
                0x08001a20                send_int16_to_computer
 *fill*         0x08001a54        0xc 
 .text.send_float_to_computer
                0x08001a60       0x34 build/obj/transmission.o
                0x08001a60                send_float_to_computer
 *fill*         0x08001a94        0xc 
 .text.dcmi_lld_stop_stream.part.0
                0x08001aa0       0x4c build/obj/dcmi_lld.o
 *fill*         0x08001aec        0x4 
 .text.Vector178
                0x08001af0       0xb0 build/obj/dcmi_lld.o
                0x08001af0                Vector178
 .text.i2c_start.part.0
                0x08001ba0       0x6c build/obj/i2c_bus.o
 *fill*         0x08001c0c        0x4 
 .text.i2c_start
                0x08001c10       0x3c build/obj/i2c_bus.o
                0x08001c10                i2c_start
 *fill*         0x08001c4c        0x4 
 .text.read_reg
                0x08001c50       0x9c build/obj/i2c_bus.o
                0x08001c50                read_reg
 *fill*         0x08001cec        0x4 
 .text.write_reg
                0x08001cf0       0x94 build/obj/i2c_bus.o
                0x08001cf0                write_reg
 *fill*         0x08001d84        0xc 
 .text.read_reg_multi
                0x08001d90       0x90 build/obj/i2c_bus.o
                0x08001d90                read_reg_multi
 .text.mpu_configure_region
                0x08001e20       0xb0 build/obj/memory_protection.o
                0x08001e20                mpu_configure_region
 .text.mpu_init
                0x08001ed0       0xa4 build/obj/memory_protection.o
                0x08001ed0                mpu_init
 *fill*         0x08001f74        0xc 
 .text.MemManage_Handler
                0x08001f80       0x84 build/obj/memory_protection.o
                0x08001f80                MemManage_Handler
 *fill*         0x08002004        0xc 
 .text.right_motor_update
                0x08002010       0x88 build/obj/motors.o
 *fill*         0x08002098        0x8 
 .text.left_motor_update
                0x080020a0       0x88 build/obj/motors.o
 *fill*         0x08002128        0x8 
 .text.right_motor_pwm_ch1_cb
                0x08002130       0x3c build/obj/motors.o
 *fill*         0x0800216c        0x4 
 .text.left_motor_pwm_ch1_cb
                0x08002170       0x3c build/obj/motors.o
 *fill*         0x080021ac        0x4 
 .text.right_motor_enable_power_save
                0x080021b0       0x38 build/obj/motors.o
                0x080021b0                right_motor_enable_power_save
 *fill*         0x080021e8        0x8 
 .text.left_motor_enable_power_save
                0x080021f0       0x38 build/obj/motors.o
                0x080021f0                left_motor_enable_power_save
 *fill*         0x08002228        0x8 
 .text.right_motor_disable_power_save
                0x08002230       0x2c build/obj/motors.o
                0x08002230                right_motor_disable_power_save
 *fill*         0x0800225c        0x4 
 .text.left_motor_disable_power_save
                0x08002260       0x2c build/obj/motors.o
                0x08002260                left_motor_disable_power_save
 *fill*         0x0800228c        0x4 
 .text.right_motor_timer_callback
                0x08002290       0x7c build/obj/motors.o
 *fill*         0x0800230c        0x4 
 .text.left_motor_timer_callback
                0x08002310       0x7c build/obj/motors.o
 *fill*         0x0800238c        0x4 
 .text.motors_init
                0x08002390       0xb0 build/obj/motors.o
                0x08002390                motors_init
 .text.panic_handler
                0x08002440       0x38 build/obj/panic.o
                0x08002440                panic_handler
 *fill*         0x08002478        0x8 
 .text.imu_reader_thd
                0x08002480      0x24c build/obj/imu.o
 *fill*         0x080026cc        0x4 
 .text.get_acc_filtered.part.0
                0x080026d0       0x68 build/obj/imu.o
 *fill*         0x08002738        0x8 
 .text.get_gyro_filtered.part.1
                0x08002740       0x68 build/obj/imu.o
 *fill*         0x080027a8        0x8 
 .text.imu_start
                0x080027b0       0x60 build/obj/imu.o
                0x080027b0                imu_start
 .text.get_acc  0x08002810       0x34 build/obj/imu.o
                0x08002810                get_acc
 *fill*         0x08002844        0xc 
 .text.calibrate_acc
                0x08002850       0x54 build/obj/imu.o
                0x08002850                calibrate_acc
 *fill*         0x080028a4        0xc 
 .text.calibrate_gyro
                0x080028b0       0x54 build/obj/imu.o
                0x080028b0                calibrate_gyro
 *fill*         0x08002904        0xc 
 .text.get_gyro_rate
                0x08002910       0x3c build/obj/imu.o
                0x08002910                get_gyro_rate
 *fill*         0x0800294c        0x4 
 .text.mpu9250_setup
                0x08002950      0x14c build/obj/mpu9250.o
                0x08002950                mpu9250_setup
 *fill*         0x08002a9c        0x4 
 .text.mpu9250_read
                0x08002aa0      0x240 build/obj/mpu9250.o
                0x08002aa0                mpu9250_read
 .text.pwm_reset_cb
                0x08002ce0       0x8c build/obj/proximity.o
 *fill*         0x08002d6c        0x4 
 .text.pwm_ch1_cb
                0x08002d70       0x40 build/obj/proximity.o
 .text.proximity_thd
                0x08002db0      0x188 build/obj/proximity.o
 *fill*         0x08002f38        0x8 
 .text.adc_cb   0x08002f40       0x90 build/obj/proximity.o
 .text.proximity_start
                0x08002fd0       0xa0 build/obj/proximity.o
                0x08002fd0                proximity_start
 .text.calibrate_ir
                0x08003070       0x40 build/obj/proximity.o
                0x08003070                calibrate_ir
 .text.__malloc_lock
                0x080030b0       0x2c build/obj/malloc_lock.o
                0x080030b0                __malloc_lock
 *fill*         0x080030dc        0x4 
 .text.__malloc_unlock
                0x080030e0       0x2c build/obj/malloc_lock.o
                0x080030e0                __malloc_unlock
 *fill*         0x0800310c        0x4 
 .text._sbrk_r  0x08003110       0x40 build/obj/newlib_syscalls.o
                0x08003110                _sbrk_r
 .text._fini    0x08003150       0x20 build/obj/newlib_syscalls.o
                0x08003150                _fini
 .text.messagebus_lock_acquire
                0x08003170       0x24 build/obj/port.o
                0x08003170                messagebus_lock_acquire
 *fill*         0x08003194        0xc 
 .text.messagebus_lock_release
                0x080031a0       0x24 build/obj/port.o
                0x080031a0                messagebus_lock_release
 *fill*         0x080031c4        0xc 
 .text.messagebus_condvar_broadcast
                0x080031d0       0x24 build/obj/port.o
                0x080031d0                messagebus_condvar_broadcast
 *fill*         0x080031f4        0xc 
 .text.messagebus_init
                0x08003200       0x28 build/obj/messagebus.o
                0x08003200                messagebus_init
 *fill*         0x08003228        0x8 
 .text.messagebus_topic_init
                0x08003230       0x44 build/obj/messagebus.o
                0x08003230                messagebus_topic_init
 *fill*         0x08003274        0xc 
 .text.messagebus_advertise_topic
                0x08003280       0x58 build/obj/messagebus.o
                0x08003280                messagebus_advertise_topic
 *fill*         0x080032d8        0x8 
 .text.messagebus_topic_publish
                0x080032e0       0x78 build/obj/messagebus.o
                0x080032e0                messagebus_topic_publish
 *fill*         0x08003358        0x8 
 .text.__late_init
                0x08003360       0x20 build/obj/crt1.o
                0x08003360                __late_init
 .text.__default_exit
                0x08003380       0x10 build/obj/crt1.o
                0x08003380                __default_exit
 .text._unhandled_exception
                0x08003390       0x1c build/obj/vectors.o
                0x08003390                VectorAC
                0x08003390                DebugMon_Handler
                0x08003390                Vector1A0
                0x08003390                Vector11C
                0x08003390                HardFault_Handler
                0x08003390                Vector1B8
                0x08003390                Vector19C
                0x08003390                PendSV_Handler
                0x08003390                Vector168
                0x08003390                NMI_Handler
                0x08003390                Vector110
                0x08003390                VectorC8
                0x08003390                Vector160
                0x08003390                Vector1B0
                0x08003390                UsageFault_Handler
                0x08003390                Vector40
                0x08003390                VectorF8
                0x08003390                Vector190
                0x08003390                Vector148
                0x08003390                Vector188
                0x08003390                Vector198
                0x08003390                VectorCC
                0x08003390                Vector54
                0x08003390                VectorD8
                0x08003390                Vector24
                0x08003390                Vector1AC
                0x08003390                Vector1A4
                0x08003390                VectorD0
                0x08003390                Vector1B4
                0x08003390                Vector140
                0x08003390                Vector134
                0x08003390                VectorF0
                0x08003390                Vector13C
                0x08003390                Vector100
                0x08003390                VectorF4
                0x08003390                VectorA0
                0x08003390                VectorC4
                0x08003390                Vector180
                0x08003390                Vector114
                0x08003390                Vector164
                0x08003390                Vector1C
                0x08003390                Vector1BC
                0x08003390                Vector17C
                0x08003390                Vector1A8
                0x08003390                Vector16C
                0x08003390                VectorD4
                0x08003390                Vector144
                0x08003390                Vector15C
                0x08003390                _unhandled_exception
                0x08003390                Vector184
                0x08003390                Vector10C
                0x08003390                BusFault_Handler
                0x08003390                Vector50
                0x08003390                Vector194
                0x08003390                Vector28
                0x08003390                Vector34
                0x08003390                VectorA4
                0x08003390                Vector20
                0x08003390                Vector18C
                0x08003390                Vector174
 *fill*         0x080033ac        0x4 
 .text._idle_thread
                0x080033b0       0x10 build/obj/chsys.o
 .text.chSysInit
                0x080033c0       0xd0 build/obj/chsys.o
                0x080033c0                chSysInit
 .text.chSysHalt
                0x08003490       0x20 build/obj/chsys.o
                0x08003490                chSysHalt
 .text.chSysTimerHandlerI
                0x080034b0       0xa0 build/obj/chsys.o
                0x080034b0                chSysTimerHandlerI
 .text.chSysPolledDelayX
                0x08003550       0x30 build/obj/chsys.o
                0x08003550                chSysPolledDelayX
 .text._dbg_check_enable
                0x08003580       0x48 build/obj/chdebug.o
                0x08003580                _dbg_check_enable
 *fill*         0x080035c8        0x8 
 .text._dbg_check_lock
                0x080035d0       0x3c build/obj/chdebug.o
                0x080035d0                _dbg_check_lock
 *fill*         0x0800360c        0x4 
 .text._dbg_check_unlock
                0x08003610       0x40 build/obj/chdebug.o
                0x08003610                _dbg_check_unlock
 .text._dbg_check_lock_from_isr
                0x08003650       0x3c build/obj/chdebug.o
                0x08003650                _dbg_check_lock_from_isr
 *fill*         0x0800368c        0x4 
 .text._dbg_check_unlock_from_isr
                0x08003690       0x40 build/obj/chdebug.o
                0x08003690                _dbg_check_unlock_from_isr
 .text._dbg_check_enter_isr
                0x080036d0       0x4c build/obj/chdebug.o
                0x080036d0                _dbg_check_enter_isr
 *fill*         0x0800371c        0x4 
 .text._dbg_check_leave_isr
                0x08003720       0x4c build/obj/chdebug.o
                0x08003720                _dbg_check_leave_isr
 *fill*         0x0800376c        0x4 
 .text.chDbgCheckClassI
                0x08003770       0x4c build/obj/chdebug.o
                0x08003770                chDbgCheckClassI
 *fill*         0x080037bc        0x4 
 .text.chDbgCheckClassS
                0x080037c0       0x48 build/obj/chdebug.o
                0x080037c0                chDbgCheckClassS
 *fill*         0x08003808        0x8 
 .text._dbg_trace_init
                0x08003810       0x2c build/obj/chdebug.o
                0x08003810                _dbg_trace_init
 *fill*         0x0800383c        0x4 
 .text._dbg_trace
                0x08003840       0x50 build/obj/chdebug.o
                0x08003840                _dbg_trace
 .text._vt_init
                0x08003890       0x38 build/obj/chvt.o
                0x08003890                _vt_init
 *fill*         0x080038c8        0x8 
 .text.chVTDoSetI
                0x080038d0       0x74 build/obj/chvt.o
                0x080038d0                chVTDoSetI
 *fill*         0x08003944        0xc 
 .text.chVTDoResetI
                0x08003950       0x68 build/obj/chvt.o
                0x08003950                chVTDoResetI
 *fill*         0x080039b8        0x8 
 .text._scheduler_init
                0x080039c0       0x34 build/obj/chschd.o
                0x080039c0                _scheduler_init
 *fill*         0x080039f4        0xc 
 .text.chSchReadyI
                0x08003a00       0x68 build/obj/chschd.o
                0x08003a00                chSchReadyI
 *fill*         0x08003a68        0x8 
 .text.wakeup   0x08003a70       0x88 build/obj/chschd.o
 *fill*         0x08003af8        0x8 
 .text.chSchGoSleepS
                0x08003b00       0x74 build/obj/chschd.o
                0x08003b00                chSchGoSleepS
 *fill*         0x08003b74        0xc 
 .text.chSchGoSleepTimeoutS
                0x08003b80       0x64 build/obj/chschd.o
                0x08003b80                chSchGoSleepTimeoutS
 *fill*         0x08003be4        0xc 
 .text.chSchWakeupS
                0x08003bf0       0x88 build/obj/chschd.o
                0x08003bf0                chSchWakeupS
 *fill*         0x08003c78        0x8 
 .text.chSchIsPreemptionRequired
                0x08003c80       0x44 build/obj/chschd.o
                0x08003c80                chSchIsPreemptionRequired
 *fill*         0x08003cc4        0xc 
 .text.chSchDoRescheduleBehind
                0x08003cd0       0x70 build/obj/chschd.o
                0x08003cd0                chSchDoRescheduleBehind
 .text.chSchDoRescheduleAhead
                0x08003d40       0x80 build/obj/chschd.o
                0x08003d40                chSchDoRescheduleAhead
 .text.chSchRescheduleS
                0x08003dc0       0x48 build/obj/chschd.o
                0x08003dc0                chSchRescheduleS
 *fill*         0x08003e08        0x8 
 .text.chSchDoReschedule
                0x08003e10       0x44 build/obj/chschd.o
                0x08003e10                chSchDoReschedule
 *fill*         0x08003e54        0xc 
 .text._thread_init
                0x08003e60       0x74 build/obj/chthreads.o
                0x08003e60                _thread_init
 *fill*         0x08003ed4        0xc 
 .text._thread_memfill
                0x08003ee0       0x2c build/obj/chthreads.o
                0x08003ee0                _thread_memfill
 *fill*         0x08003f0c        0x4 
 .text.chThdCreateI
                0x08003f10       0x74 build/obj/chthreads.o
                0x08003f10                chThdCreateI
 *fill*         0x08003f84        0xc 
 .text.chThdCreateStatic
                0x08003f90       0xb0 build/obj/chthreads.o
                0x08003f90                chThdCreateStatic
 .text.chThdSleep
                0x08004040       0x74 build/obj/chthreads.o
                0x08004040                chThdSleep
 *fill*         0x080040b4        0xc 
 .text.chThdSleepUntilWindowed
                0x080040c0       0x84 build/obj/chthreads.o
                0x080040c0                chThdSleepUntilWindowed
 *fill*         0x08004144        0xc 
 .text.chThdExitS
                0x08004150       0x68 build/obj/chthreads.o
                0x08004150                chThdExitS
 *fill*         0x080041b8        0x8 
 .text.chThdExit
                0x080041c0       0x38 build/obj/chthreads.o
                0x080041c0                chThdExit
 *fill*         0x080041f8        0x8 
 .text.chThdSuspendS
                0x08004200       0x44 build/obj/chthreads.o
                0x08004200                chThdSuspendS
 *fill*         0x08004244        0xc 
 .text.chThdSuspendTimeoutS
                0x08004250       0x58 build/obj/chthreads.o
                0x08004250                chThdSuspendTimeoutS
 *fill*         0x080042a8        0x8 
 .text.chThdResumeI
                0x080042b0       0x54 build/obj/chthreads.o
                0x080042b0                chThdResumeI
 *fill*         0x08004304        0xc 
 .text.chThdEnqueueTimeoutS
                0x08004310       0x4c build/obj/chthreads.o
                0x08004310                chThdEnqueueTimeoutS
 *fill*         0x0800435c        0x4 
 .text.chThdDequeueNextI
                0x08004360       0x54 build/obj/chthreads.o
                0x08004360                chThdDequeueNextI
 *fill*         0x080043b4        0xc 
 .text.chThdDequeueAllI
                0x080043c0       0x5c build/obj/chthreads.o
                0x080043c0                chThdDequeueAllI
 *fill*         0x0800441c        0x4 
 .text.chTMObjectInit
                0x08004420       0x34 build/obj/chtm.o
                0x08004420                chTMObjectInit
 *fill*         0x08004454        0xc 
 .text.chTMStartMeasurementX
                0x08004460       0x2c build/obj/chtm.o
                0x08004460                chTMStartMeasurementX
 *fill*         0x0800448c        0x4 
 .text.chTMStopMeasurementX
                0x08004490       0x60 build/obj/chtm.o
                0x08004490                chTMStopMeasurementX
 .text._tm_init
                0x080044f0       0x50 build/obj/chtm.o
                0x080044f0                _tm_init
 .text.chTMChainMeasurementToX
                0x08004540       0x5c build/obj/chtm.o
                0x08004540                chTMChainMeasurementToX
 *fill*         0x0800459c        0x4 
 .text._stats_init
                0x080045a0       0x40 build/obj/chstats.o
                0x080045a0                _stats_init
 .text._stats_increase_irq
                0x080045e0       0x30 build/obj/chstats.o
                0x080045e0                _stats_increase_irq
 .text._stats_ctxswc
                0x08004610       0x40 build/obj/chstats.o
                0x08004610                _stats_ctxswc
 .text._stats_start_measure_crit_thd
                0x08004650       0x2c build/obj/chstats.o
                0x08004650                _stats_start_measure_crit_thd
 *fill*         0x0800467c        0x4 
 .text._stats_stop_measure_crit_thd
                0x08004680       0x2c build/obj/chstats.o
                0x08004680                _stats_stop_measure_crit_thd
 *fill*         0x080046ac        0x4 
 .text._stats_start_measure_crit_isr
                0x080046b0       0x2c build/obj/chstats.o
                0x080046b0                _stats_start_measure_crit_isr
 *fill*         0x080046dc        0x4 
 .text._stats_stop_measure_crit_isr
                0x080046e0       0x2c build/obj/chstats.o
                0x080046e0                _stats_stop_measure_crit_isr
 *fill*         0x0800470c        0x4 
 .text.chSemWaitS
                0x08004710       0x7c build/obj/chsem.o
                0x08004710                chSemWaitS
 *fill*         0x0800478c        0x4 
 .text.chSemWait
                0x08004790       0x68 build/obj/chsem.o
                0x08004790                chSemWait
 *fill*         0x080047f8        0x8 
 .text.chSemSignalI
                0x08004800       0x7c build/obj/chsem.o
                0x08004800                chSemSignalI
 *fill*         0x0800487c        0x4 
 .text.chMtxObjectInit
                0x08004880       0x38 build/obj/chmtx.o
                0x08004880                chMtxObjectInit
 *fill*         0x080048b8        0x8 
 .text.chMtxLockS
                0x080048c0      0x184 build/obj/chmtx.o
                0x080048c0                chMtxLockS
 *fill*         0x08004a44        0xc 
 .text.chMtxLock
                0x08004a50       0x64 build/obj/chmtx.o
                0x08004a50                chMtxLock
 *fill*         0x08004ab4        0xc 
 .text.chMtxUnlock
                0x08004ac0      0x10c build/obj/chmtx.o
                0x08004ac0                chMtxUnlock
 *fill*         0x08004bcc        0x4 
 .text.chCondBroadcastI
                0x08004bd0       0x50 build/obj/chcond.o
                0x08004bd0                chCondBroadcastI
 .text.chCondBroadcast
                0x08004c20       0x68 build/obj/chcond.o
                0x08004c20                chCondBroadcast
 *fill*         0x08004c88        0x8 
 .text.chEvtRegisterMaskWithFlags
                0x08004c90       0x8c build/obj/chevents.o
                0x08004c90                chEvtRegisterMaskWithFlags
 *fill*         0x08004d1c        0x4 
 .text.chEvtSignalI
                0x08004d20       0x6c build/obj/chevents.o
                0x08004d20                chEvtSignalI
 *fill*         0x08004d8c        0x4 
 .text.chEvtBroadcastFlagsI
                0x08004d90       0x58 build/obj/chevents.o
                0x08004d90                chEvtBroadcastFlagsI
 *fill*         0x08004de8        0x8 
 .text.chIQObjectInit
                0x08004df0       0x38 build/obj/chqueues.o
                0x08004df0                chIQObjectInit
 *fill*         0x08004e28        0x8 
 .text.chIQPutI
                0x08004e30       0x60 build/obj/chqueues.o
                0x08004e30                chIQPutI
 .text.chIQGetTimeout
                0x08004e90       0x9c build/obj/chqueues.o
                0x08004e90                chIQGetTimeout
 *fill*         0x08004f2c        0x4 
 .text.chIQReadTimeout
                0x08004f30      0x100 build/obj/chqueues.o
                0x08004f30                chIQReadTimeout
 .text.chOQObjectInit
                0x08005030       0x34 build/obj/chqueues.o
                0x08005030                chOQObjectInit
 *fill*         0x08005064        0xc 
 .text.chOQPutTimeout
                0x08005070       0xcc build/obj/chqueues.o
                0x08005070                chOQPutTimeout
 *fill*         0x0800513c        0x4 
 .text.chOQGetI
                0x08005140       0x5c build/obj/chqueues.o
                0x08005140                chOQGetI
 *fill*         0x0800519c        0x4 
 .text.chOQWriteTimeout
                0x080051a0      0x104 build/obj/chqueues.o
                0x080051a0                chOQWriteTimeout
 *fill*         0x080052a4        0xc 
 .text._core_init
                0x080052b0       0x44 build/obj/chmemcore.o
                0x080052b0                _core_init
 *fill*         0x080052f4        0xc 
 .text.chCoreAlloc
                0x08005300       0x88 build/obj/chmemcore.o
                0x08005300                chCoreAlloc
 *fill*         0x08005388        0x8 
 .text._heap_init
                0x08005390       0x3c build/obj/chheap.o
                0x08005390                _heap_init
 *fill*         0x080053cc        0x4 
 .text.SVC_Handler
                0x080053d0       0x40 build/obj/chcore_v7m.o
                0x080053d0                SVC_Handler
 .text._port_irq_epilogue
                0x08005410       0x7c build/obj/chcore_v7m.o
                0x08005410                _port_irq_epilogue
 *fill*         0x0800548c        0x4 
 .text.halInit  0x08005490       0x6c build/obj/hal.o
                0x08005490                halInit
 *fill*         0x080054fc        0x4 
 .text._mmcsd_get_slice
                0x08005500       0x74 build/obj/hal_mmcsd.o
                0x08005500                _mmcsd_get_slice
 *fill*         0x08005574        0xc 
 .text._mmcsd_get_capacity
                0x08005580       0x80 build/obj/hal_mmcsd.o
                0x08005580                _mmcsd_get_capacity
 .text._mmcsd_get_capacity_ext
                0x08005600       0x4c build/obj/hal_mmcsd.o
                0x08005600                _mmcsd_get_capacity_ext
 *fill*         0x0800564c        0x4 
 .text.adcInit  0x08005650       0x24 build/obj/adc.o
                0x08005650                adcInit
 *fill*         0x08005674        0xc 
 .text.adcObjectInit
                0x08005680       0x38 build/obj/adc.o
                0x08005680                adcObjectInit
 *fill*         0x080056b8        0x8 
 .text.adcStart
                0x080056c0       0x88 build/obj/adc.o
                0x080056c0                adcStart
 *fill*         0x08005748        0x8 
 .text.adcStartConversionI
                0x08005750       0x6c build/obj/adc.o
                0x08005750                adcStartConversionI
 *fill*         0x080057bc        0x4 
 .text.adcStartConversion
                0x080057c0       0x74 build/obj/adc.o
                0x080057c0                adcStartConversion
 *fill*         0x08005834        0xc 
 .text.adcAcquireBus
                0x08005840       0x38 build/obj/adc.o
                0x08005840                adcAcquireBus
 *fill*         0x08005878        0x8 
 .text.canInit  0x08005880       0x24 build/obj/can.o
                0x08005880                canInit
 *fill*         0x080058a4        0xc 
 .text.canObjectInit
                0x080058b0       0x54 build/obj/can.o
                0x080058b0                canObjectInit
 *fill*         0x08005904        0xc 
 .text.dacInit  0x08005910       0x24 build/obj/dac.o
                0x08005910                dacInit
 *fill*         0x08005934        0xc 
 .text.dacObjectInit
                0x08005940       0x30 build/obj/dac.o
                0x08005940                dacObjectInit
 .text.extInit  0x08005970       0x24 build/obj/ext.o
                0x08005970                extInit
 *fill*         0x08005994        0xc 
 .text.extObjectInit
                0x080059a0       0x28 build/obj/ext.o
                0x080059a0                extObjectInit
 *fill*         0x080059c8        0x8 
 .text.gptInit  0x080059d0       0x24 build/obj/gpt.o
                0x080059d0                gptInit
 *fill*         0x080059f4        0xc 
 .text.gptObjectInit
                0x08005a00       0x28 build/obj/gpt.o
                0x08005a00                gptObjectInit
 *fill*         0x08005a28        0x8 
 .text.i2cInit  0x08005a30       0x24 build/obj/i2c.o
                0x08005a30                i2cInit
 *fill*         0x08005a54        0xc 
 .text.i2cObjectInit
                0x08005a60       0x30 build/obj/i2c.o
                0x08005a60                i2cObjectInit
 .text.i2cStart
                0x08005a90       0x90 build/obj/i2c.o
                0x08005a90                i2cStart
 .text.i2cStop  0x08005b20       0x88 build/obj/i2c.o
                0x08005b20                i2cStop
 *fill*         0x08005ba8        0x8 
 .text.i2cGetErrors
                0x08005bb0       0x30 build/obj/i2c.o
                0x08005bb0                i2cGetErrors
 .text.i2cMasterTransmitTimeout
                0x08005be0       0xd8 build/obj/i2c.o
                0x08005be0                i2cMasterTransmitTimeout
 *fill*         0x08005cb8        0x8 
 .text.i2cAcquireBus
                0x08005cc0       0x38 build/obj/i2c.o
                0x08005cc0                i2cAcquireBus
 *fill*         0x08005cf8        0x8 
 .text.i2cReleaseBus
                0x08005d00       0x38 build/obj/i2c.o
                0x08005d00                i2cReleaseBus
 *fill*         0x08005d38        0x8 
 .text.i2sInit  0x08005d40       0x24 build/obj/i2s.o
                0x08005d40                i2sInit
 *fill*         0x08005d64        0xc 
 .text.i2sObjectInit
                0x08005d70       0x28 build/obj/i2s.o
                0x08005d70                i2sObjectInit
 *fill*         0x08005d98        0x8 
 .text.pwmInit  0x08005da0       0x24 build/obj/pwm.o
                0x08005da0                pwmInit
 *fill*         0x08005dc4        0xc 
 .text.pwmObjectInit
                0x08005dd0       0x2c build/obj/pwm.o
                0x08005dd0                pwmObjectInit
 *fill*         0x08005dfc        0x4 
 .text.pwmStart
                0x08005e00       0x98 build/obj/pwm.o
                0x08005e00                pwmStart
 *fill*         0x08005e98        0x8 
 .text.pwmEnableChannel
                0x08005ea0       0x98 build/obj/pwm.o
                0x08005ea0                pwmEnableChannel
 *fill*         0x08005f38        0x8 
 .text.pwmDisableChannel
                0x08005f40       0x94 build/obj/pwm.o
                0x08005f40                pwmDisableChannel
 *fill*         0x08005fd4        0xc 
 .text.pwmEnablePeriodicNotification
                0x08005fe0       0x8c build/obj/pwm.o
                0x08005fe0                pwmEnablePeriodicNotification
 *fill*         0x0800606c        0x4 
 .text.pwmEnableChannelNotification
                0x08006070       0xb8 build/obj/pwm.o
                0x08006070                pwmEnableChannelNotification
 *fill*         0x08006128        0x8 
 .text.sdcGetInfo
                0x08006130       0x4c build/obj/sdc.o
                0x08006130                sdcGetInfo
 *fill*         0x0800617c        0x4 
 .text.sdcConnect
                0x08006180      0x3bc build/obj/sdc.o
                0x08006180                sdcConnect
 *fill*         0x0800653c        0x4 
 .text.sdcRead  0x08006540       0x74 build/obj/sdc.o
                0x08006540                sdcRead
 *fill*         0x080065b4        0xc 
 .text.sdcWrite
                0x080065c0       0x74 build/obj/sdc.o
                0x080065c0                sdcWrite
 *fill*         0x08006634        0xc 
 .text.sdcSync  0x08006640       0x44 build/obj/sdc.o
                0x08006640                sdcSync
 *fill*         0x08006684        0xc 
 .text._sdc_wait_for_transfer_state
                0x08006690       0x54 build/obj/sdc.o
                0x08006690                _sdc_wait_for_transfer_state
 *fill*         0x080066e4        0xc 
 .text.sdcDisconnect
                0x080066f0       0xc8 build/obj/sdc.o
                0x080066f0                sdcDisconnect
 *fill*         0x080067b8        0x8 
 .text.sdcInit  0x080067c0       0x24 build/obj/sdc.o
                0x080067c0                sdcInit
 *fill*         0x080067e4        0xc 
 .text.sdcObjectInit
                0x080067f0       0x34 build/obj/sdc.o
                0x080067f0                sdcObjectInit
 *fill*         0x08006824        0xc 
 .text.readt    0x08006830       0x28 build/obj/serial.o
 *fill*         0x08006858        0x8 
 .text.read     0x08006860       0x2c build/obj/serial.o
 *fill*         0x0800688c        0x4 
 .text.writet   0x08006890       0x28 build/obj/serial.o
 *fill*         0x080068b8        0x8 
 .text.write    0x080068c0       0x2c build/obj/serial.o
 *fill*         0x080068ec        0x4 
 .text.gett     0x080068f0       0x28 build/obj/serial.o
 *fill*         0x08006918        0x8 
 .text.get      0x08006920       0x2c build/obj/serial.o
 *fill*         0x0800694c        0x4 
 .text.putt     0x08006950       0x28 build/obj/serial.o
 *fill*         0x08006978        0x8 
 .text.put      0x08006980       0x2c build/obj/serial.o
 *fill*         0x080069ac        0x4 
 .text.sdInit   0x080069b0       0x24 build/obj/serial.o
                0x080069b0                sdInit
 *fill*         0x080069d4        0xc 
 .text.sdObjectInit
                0x080069e0       0x5c build/obj/serial.o
                0x080069e0                sdObjectInit
 *fill*         0x08006a3c        0x4 
 .text.sdStart  0x08006a40       0x88 build/obj/serial.o
                0x08006a40                sdStart
 *fill*         0x08006ac8        0x8 
 .text.sdIncomingDataI
                0x08006ad0       0x68 build/obj/serial.o
                0x08006ad0                sdIncomingDataI
 *fill*         0x08006b38        0x8 
 .text.sduInit  0x08006b40       0x20 build/obj/serial_usb.o
                0x08006b40                sduInit
 .text.spiInit  0x08006b60       0x24 build/obj/spi.o
                0x08006b60                spiInit
 *fill*         0x08006b84        0xc 
 .text.spiObjectInit
                0x08006b90       0x30 build/obj/spi.o
                0x08006b90                spiObjectInit
 .text.stInit   0x08006bc0       0x24 build/obj/st.o
                0x08006bc0                stInit
 *fill*         0x08006be4        0xc 
 .text.usbInit  0x08006bf0       0x24 build/obj/usb.o
                0x08006bf0                usbInit
 *fill*         0x08006c14        0xc 
 .text.usbObjectInit
                0x08006c20       0x38 build/obj/usb.o
                0x08006c20                usbObjectInit
 *fill*         0x08006c58        0x8 
 .text.usbStartReceiveI
                0x08006c60       0x54 build/obj/usb.o
                0x08006c60                usbStartReceiveI
 *fill*         0x08006cb4        0xc 
 .text.usbStartTransmitI
                0x08006cc0       0x54 build/obj/usb.o
                0x08006cc0                usbStartTransmitI
 *fill*         0x08006d14        0xc 
 .text._usb_reset
                0x08006d20       0x3c build/obj/usb.o
                0x08006d20                _usb_reset
 *fill*         0x08006d5c        0x4 
 .text._usb_ep0setup
                0x08006d60      0x344 build/obj/usb.o
                0x08006d60                _usb_ep0setup
 *fill*         0x080070a4        0xc 
 .text._usb_ep0in
                0x080070b0      0x120 build/obj/usb.o
                0x080070b0                _usb_ep0in
 .text._usb_ep0out
                0x080071d0       0xcc build/obj/usb.o
                0x080071d0                _usb_ep0out
 *fill*         0x0800729c        0x4 
 .text.nvicEnableVector
                0x080072a0       0x4c build/obj/nvic.o
                0x080072a0                nvicEnableVector
 *fill*         0x080072ec        0x4 
 .text.nvicDisableVector
                0x080072f0       0x3c build/obj/nvic.o
                0x080072f0                nvicDisableVector
 *fill*         0x0800732c        0x4 
 .text.nvicSetSystemHandlerPriority
                0x08007330       0x40 build/obj/nvic.o
                0x08007330                nvicSetSystemHandlerPriority
 .text.Vector6C
                0x08007370       0x4c build/obj/stm32_dma.o
                0x08007370                Vector6C
 *fill*         0x080073bc        0x4 
 .text.Vector70
                0x080073c0       0x50 build/obj/stm32_dma.o
                0x080073c0                Vector70
 .text.Vector74
                0x08007410       0x50 build/obj/stm32_dma.o
                0x08007410                Vector74
 .text.Vector78
                0x08007460       0x50 build/obj/stm32_dma.o
                0x08007460                Vector78
 .text.Vector7C
                0x080074b0       0x4c build/obj/stm32_dma.o
                0x080074b0                Vector7C
 *fill*         0x080074fc        0x4 
 .text.Vector80
                0x08007500       0x50 build/obj/stm32_dma.o
                0x08007500                Vector80
 .text.Vector84
                0x08007550       0x50 build/obj/stm32_dma.o
                0x08007550                Vector84
 .text.VectorFC
                0x080075a0       0x50 build/obj/stm32_dma.o
                0x080075a0                VectorFC
 .text.Vector120
                0x080075f0       0x4c build/obj/stm32_dma.o
                0x080075f0                Vector120
 *fill*         0x0800763c        0x4 
 .text.Vector124
                0x08007640       0x50 build/obj/stm32_dma.o
                0x08007640                Vector124
 .text.Vector128
                0x08007690       0x50 build/obj/stm32_dma.o
                0x08007690                Vector128
 .text.Vector12C
                0x080076e0       0x50 build/obj/stm32_dma.o
                0x080076e0                Vector12C
 .text.Vector130
                0x08007730       0x4c build/obj/stm32_dma.o
                0x08007730                Vector130
 *fill*         0x0800777c        0x4 
 .text.Vector150
                0x08007780       0x50 build/obj/stm32_dma.o
                0x08007780                Vector150
 .text.Vector154
                0x080077d0       0x50 build/obj/stm32_dma.o
                0x080077d0                Vector154
 .text.Vector158
                0x08007820       0x50 build/obj/stm32_dma.o
                0x08007820                Vector158
 .text.dmaInit  0x08007870       0x6c build/obj/stm32_dma.o
                0x08007870                dmaInit
 *fill*         0x080078dc        0x4 
 .text.dmaStreamAllocate
                0x080078e0       0xd0 build/obj/stm32_dma.o
                0x080078e0                dmaStreamAllocate
 .text.dmaStreamRelease
                0x080079b0       0x80 build/obj/stm32_dma.o
                0x080079b0                dmaStreamRelease
 .text.hal_lld_init
                0x08007a30       0x80 build/obj/hal_lld.o
                0x08007a30                hal_lld_init
 .text.stm32_clock_init
                0x08007ab0       0xf8 build/obj/hal_lld.o
                0x08007ab0                stm32_clock_init
 *fill*         0x08007ba8        0x8 
 .text.adc_lld_init
                0x08007bb0       0x98 build/obj/adc_lld.o
                0x08007bb0                adc_lld_init
 *fill*         0x08007c48        0x8 
 .text.adc_lld_start
                0x08007c50      0x100 build/obj/adc_lld.o
                0x08007c50                adc_lld_start
 .text.adc_lld_start_conversion
                0x08007d50       0xbc build/obj/adc_lld.o
                0x08007d50                adc_lld_start_conversion
 *fill*         0x08007e0c        0x4 
 .text.adc_lld_stop_conversion
                0x08007e10       0x50 build/obj/adc_lld.o
                0x08007e10                adc_lld_stop_conversion
 .text.Vector88
                0x08007e60      0x188 build/obj/adc_lld.o
                0x08007e60                Vector88
 *fill*         0x08007fe8        0x8 
 .text.adc_lld_serve_rx_interrupt
                0x08007ff0      0x128 build/obj/adc_lld.o
 *fill*         0x08008118        0x8 
 .text.Vector58
                0x08008120       0x48 build/obj/ext_lld_isr.o
                0x08008120                Vector58
 *fill*         0x08008168        0x8 
 .text.Vector5C
                0x08008170       0x48 build/obj/ext_lld_isr.o
                0x08008170                Vector5C
 *fill*         0x080081b8        0x8 
 .text.Vector60
                0x080081c0       0x48 build/obj/ext_lld_isr.o
                0x080081c0                Vector60
 *fill*         0x08008208        0x8 
 .text.Vector64
                0x08008210       0x48 build/obj/ext_lld_isr.o
                0x08008210                Vector64
 *fill*         0x08008258        0x8 
 .text.Vector68
                0x08008260       0x48 build/obj/ext_lld_isr.o
                0x08008260                Vector68
 *fill*         0x080082a8        0x8 
 .text.Vector9C
                0x080082b0       0x88 build/obj/ext_lld_isr.o
                0x080082b0                Vector9C
 *fill*         0x08008338        0x8 
 .text.VectorE0
                0x08008340       0x98 build/obj/ext_lld_isr.o
                0x08008340                VectorE0
 *fill*         0x080083d8        0x8 
 .text.Vector44
                0x080083e0       0x4c build/obj/ext_lld_isr.o
                0x080083e0                Vector44
 *fill*         0x0800842c        0x4 
 .text.VectorE4
                0x08008430       0x4c build/obj/ext_lld_isr.o
                0x08008430                VectorE4
 *fill*         0x0800847c        0x4 
 .text.VectorE8
                0x08008480       0x4c build/obj/ext_lld_isr.o
                0x08008480                VectorE8
 *fill*         0x080084cc        0x4 
 .text.Vector138
                0x080084d0       0x4c build/obj/ext_lld_isr.o
                0x080084d0                Vector138
 *fill*         0x0800851c        0x4 
 .text.Vector170
                0x08008520       0x4c build/obj/ext_lld_isr.o
                0x08008520                Vector170
 *fill*         0x0800856c        0x4 
 .text.Vector48
                0x08008570       0x4c build/obj/ext_lld_isr.o
                0x08008570                Vector48
 *fill*         0x080085bc        0x4 
 .text.Vector4C
                0x080085c0       0x4c build/obj/ext_lld_isr.o
                0x080085c0                Vector4C
 *fill*         0x0800860c        0x4 
 .text.can_lld_set_filters
                0x08008610      0x144 build/obj/can_lld.o
 *fill*         0x08008754        0xc 
 .text.Vector8C
                0x08008760       0x70 build/obj/can_lld.o
                0x08008760                Vector8C
 .text.Vector90
                0x080087d0       0xac build/obj/can_lld.o
                0x080087d0                Vector90
 *fill*         0x0800887c        0x4 
 .text.Vector94
                0x08008880       0xac build/obj/can_lld.o
                0x08008880                Vector94
 *fill*         0x0800892c        0x4 
 .text.Vector98
                0x08008930       0xc0 build/obj/can_lld.o
                0x08008930                Vector98
 .text.can_lld_init
                0x080089f0       0x40 build/obj/can_lld.o
                0x080089f0                can_lld_init
 .text.ext_lld_init
                0x08008a30       0x2c build/obj/ext_lld.o
                0x08008a30                ext_lld_init
 *fill*         0x08008a5c        0x4 
 .text.sdc_lld_collect_errors.isra.0
                0x08008a60       0x58 build/obj/sdc_lld.o
 *fill*         0x08008ab8        0x8 
 .text.Vector104
                0x08008ac0       0x60 build/obj/sdc_lld.o
                0x08008ac0                Vector104
 .text.sdc_lld_init
                0x08008b20       0x40 build/obj/sdc_lld.o
                0x08008b20                sdc_lld_init
 .text.sdc_lld_start_clk
                0x08008b60       0x40 build/obj/sdc_lld.o
                0x08008b60                sdc_lld_start_clk
 .text.sdc_lld_set_data_clk
                0x08008ba0       0x2c build/obj/sdc_lld.o
                0x08008ba0                sdc_lld_set_data_clk
 *fill*         0x08008bcc        0x4 
 .text.sdc_lld_stop_clk
                0x08008bd0       0x2c build/obj/sdc_lld.o
                0x08008bd0                sdc_lld_stop_clk
 *fill*         0x08008bfc        0x4 
 .text.sdc_lld_set_bus_mode
                0x08008c00       0x44 build/obj/sdc_lld.o
                0x08008c00                sdc_lld_set_bus_mode
 *fill*         0x08008c44        0xc 
 .text.sdc_lld_send_cmd_none
                0x08008c50       0x38 build/obj/sdc_lld.o
                0x08008c50                sdc_lld_send_cmd_none
 *fill*         0x08008c88        0x8 
 .text.sdc_lld_send_cmd_short
                0x08008c90       0x50 build/obj/sdc_lld.o
                0x08008c90                sdc_lld_send_cmd_short
 .text.sdc_lld_send_cmd_short_crc
                0x08008ce0       0x50 build/obj/sdc_lld.o
                0x08008ce0                sdc_lld_send_cmd_short_crc
 .text.sdc_lld_wait_transaction_end
                0x08008d30       0xfc build/obj/sdc_lld.o
 *fill*         0x08008e2c        0x4 
 .text.sdc_lld_error_cleanup
                0x08008e30       0x98 build/obj/sdc_lld.o
 *fill*         0x08008ec8        0x8 
 .text.sdc_lld_send_cmd_long_crc
                0x08008ed0       0x60 build/obj/sdc_lld.o
                0x08008ed0                sdc_lld_send_cmd_long_crc
 .text.sdc_lld_read_special
                0x08008f30       0xd4 build/obj/sdc_lld.o
                0x08008f30                sdc_lld_read_special
 *fill*         0x08009004        0xc 
 .text.sdc_lld_read_aligned
                0x08009010       0xe4 build/obj/sdc_lld.o
                0x08009010                sdc_lld_read_aligned
 *fill*         0x080090f4        0xc 
 .text.sdc_lld_write_aligned
                0x08009100       0xe8 build/obj/sdc_lld.o
                0x08009100                sdc_lld_write_aligned
 *fill*         0x080091e8        0x8 
 .text.sdc_lld_read
                0x080091f0       0x80 build/obj/sdc_lld.o
                0x080091f0                sdc_lld_read
 .text.sdc_lld_write
                0x08009270       0x80 build/obj/sdc_lld.o
                0x08009270                sdc_lld_write
 .text.sdc_lld_sync
                0x080092f0       0x24 build/obj/sdc_lld.o
                0x080092f0                sdc_lld_sync
 *fill*         0x08009314        0xc 
 .text.dac_lld_init
                0x08009320       0x34 build/obj/dac_lld.o
                0x08009320                dac_lld_init
 *fill*         0x08009354        0xc 
 .text._pal_lld_init
                0x08009360      0x1d0 build/obj/pal_lld.o
                0x08009360                _pal_lld_init
 .text._pal_lld_setgroupmode
                0x08009530       0xbc build/obj/pal_lld.o
                0x08009530                _pal_lld_setgroupmode
 *fill*         0x080095ec        0x4 
 .text.i2c_lld_serve_tx_end_irq
                0x080095f0       0x5c build/obj/i2c_lld.o
 *fill*         0x0800964c        0x4 
 .text.i2c_lld_serve_rx_end_irq
                0x08009650       0x94 build/obj/i2c_lld.o
 *fill*         0x080096e4        0xc 
 .text.VectorBC
                0x080096f0      0x134 build/obj/i2c_lld.o
                0x080096f0                VectorBC
 *fill*         0x08009824        0xc 
 .text.VectorC0
                0x08009830      0x120 build/obj/i2c_lld.o
                0x08009830                VectorC0
 .text.i2c_lld_init
                0x08009950       0x44 build/obj/i2c_lld.o
                0x08009950                i2c_lld_init
 *fill*         0x08009994        0xc 
 .text.i2c_lld_start
                0x080099a0      0x278 build/obj/i2c_lld.o
                0x080099a0                i2c_lld_start
 *fill*         0x08009c18        0x8 
 .text.i2c_lld_stop
                0x08009c20       0xa8 build/obj/i2c_lld.o
                0x08009c20                i2c_lld_stop
 *fill*         0x08009cc8        0x8 
 .text.i2c_lld_master_transmit_timeout
                0x08009cd0      0x124 build/obj/i2c_lld.o
                0x08009cd0                i2c_lld_master_transmit_timeout
 *fill*         0x08009df4        0xc 
 .text.usb_lld_init
                0x08009e00       0x5c build/obj/usb_lld.o
                0x08009e00                usb_lld_init
 *fill*         0x08009e5c        0x4 
 .text.usb_lld_reset
                0x08009e60       0xe8 build/obj/usb_lld.o
                0x08009e60                usb_lld_reset
 *fill*         0x08009f48        0x8 
 .text.usb_lld_set_address
                0x08009f50       0x38 build/obj/usb_lld.o
                0x08009f50                usb_lld_set_address
 *fill*         0x08009f88        0x8 
 .text.usb_lld_get_status_out
                0x08009f90       0x38 build/obj/usb_lld.o
                0x08009f90                usb_lld_get_status_out
 *fill*         0x08009fc8        0x8 
 .text.usb_lld_get_status_in
                0x08009fd0       0x38 build/obj/usb_lld.o
                0x08009fd0                usb_lld_get_status_in
 *fill*         0x0800a008        0x8 
 .text.usb_lld_read_setup
                0x0800a010       0x30 build/obj/usb_lld.o
                0x0800a010                usb_lld_read_setup
 .text.usb_lld_prepare_receive
                0x0800a040       0x5c build/obj/usb_lld.o
                0x0800a040                usb_lld_prepare_receive
 *fill*         0x0800a09c        0x4 
 .text.otg_epout_handler.constprop.7
                0x0800a0a0       0xd4 build/obj/usb_lld.o
 *fill*         0x0800a174        0xc 
 .text.usb_lld_prepare_transmit
                0x0800a180       0x64 build/obj/usb_lld.o
                0x0800a180                usb_lld_prepare_transmit
 *fill*         0x0800a1e4        0xc 
 .text.otg_epin_handler.constprop.8
                0x0800a1f0      0x10c build/obj/usb_lld.o
 *fill*         0x0800a2fc        0x4 
 .text.Vector14C
                0x0800a300      0x124 build/obj/usb_lld.o
                0x0800a300                Vector14C
 *fill*         0x0800a424        0xc 
 .text.usb_lld_start_out
                0x0800a430       0x34 build/obj/usb_lld.o
                0x0800a430                usb_lld_start_out
 *fill*         0x0800a464        0xc 
 .text.usb_lld_start_in
                0x0800a470       0x44 build/obj/usb_lld.o
                0x0800a470                usb_lld_start_in
 *fill*         0x0800a4b4        0xc 
 .text.usb_lld_stall_out
                0x0800a4c0       0x34 build/obj/usb_lld.o
                0x0800a4c0                usb_lld_stall_out
 *fill*         0x0800a4f4        0xc 
 .text.usb_lld_stall_in
                0x0800a500       0x34 build/obj/usb_lld.o
                0x0800a500                usb_lld_stall_in
 *fill*         0x0800a534        0xc 
 .text.usb_lld_clear_out
                0x0800a540       0x34 build/obj/usb_lld.o
                0x0800a540                usb_lld_clear_out
 *fill*         0x0800a574        0xc 
 .text.usb_lld_clear_in
                0x0800a580       0x34 build/obj/usb_lld.o
                0x0800a580                usb_lld_clear_in
 *fill*         0x0800a5b4        0xc 
 .text.i2s_lld_init
                0x0800a5c0       0x50 build/obj/i2s_lld.o
                0x0800a5c0                i2s_lld_init
 .text.spi_lld_init
                0x0800a610       0x5c build/obj/spi_lld.o
                0x0800a610                spi_lld_init
 *fill*         0x0800a66c        0x4 
 .text.gpt_lld_serve_interrupt
                0x0800a670       0x48 build/obj/gpt_lld.o
 *fill*         0x0800a6b8        0x8 
 .text.Vector118
                0x0800a6c0       0x3c build/obj/gpt_lld.o
                0x0800a6c0                Vector118
 *fill*         0x0800a6fc        0x4 
 .text.VectorA8
                0x0800a700       0x3c build/obj/gpt_lld.o
                0x0800a700                VectorA8
 *fill*         0x0800a73c        0x4 
 .text.VectorEC
                0x0800a740       0x3c build/obj/gpt_lld.o
                0x0800a740                VectorEC
 *fill*         0x0800a77c        0x4 
 .text.gpt_lld_init
                0x0800a780       0x58 build/obj/gpt_lld.o
                0x0800a780                gpt_lld_init
 *fill*         0x0800a7d8        0x8 
 .text.pwm_lld_serve_interrupt
                0x0800a7e0       0x80 build/obj/pwm_lld.o
 .text.VectorB0
                0x0800a860       0x3c build/obj/pwm_lld.o
                0x0800a860                VectorB0
 *fill*         0x0800a89c        0x4 
 .text.VectorB4
                0x0800a8a0       0x3c build/obj/pwm_lld.o
                0x0800a8a0                VectorB4
 *fill*         0x0800a8dc        0x4 
 .text.VectorB8
                0x0800a8e0       0x3c build/obj/pwm_lld.o
                0x0800a8e0                VectorB8
 *fill*         0x0800a91c        0x4 
 .text.Vector108
                0x0800a920       0x3c build/obj/pwm_lld.o
                0x0800a920                Vector108
 *fill*         0x0800a95c        0x4 
 .text.pwm_lld_init
                0x0800a960       0x80 build/obj/pwm_lld.o
                0x0800a960                pwm_lld_init
 .text.pwm_lld_start
                0x0800a9e0      0x1d0 build/obj/pwm_lld.o
                0x0800a9e0                pwm_lld_start
 .text.pwm_lld_enable_channel
                0x0800abb0       0x2c build/obj/pwm_lld.o
                0x0800abb0                pwm_lld_enable_channel
 *fill*         0x0800abdc        0x4 
 .text.pwm_lld_disable_channel
                0x0800abe0       0x3c build/obj/pwm_lld.o
                0x0800abe0                pwm_lld_disable_channel
 *fill*         0x0800ac1c        0x4 
 .text.pwm_lld_enable_periodic_notification
                0x0800ac20       0x38 build/obj/pwm_lld.o
                0x0800ac20                pwm_lld_enable_periodic_notification
 *fill*         0x0800ac58        0x8 
 .text.pwm_lld_enable_channel_notification
                0x0800ac60       0x38 build/obj/pwm_lld.o
                0x0800ac60                pwm_lld_enable_channel_notification
 *fill*         0x0800ac98        0x8 
 .text.SysTick_Handler
                0x0800aca0       0x50 build/obj/st_lld.o
                0x0800aca0                SysTick_Handler
 .text.st_lld_init
                0x0800acf0       0x40 build/obj/st_lld.o
                0x0800acf0                st_lld_init
 .text.notify3  0x0800ad30       0x30 build/obj/serial_lld.o
 .text.VectorDC
                0x0800ad60      0x19c build/obj/serial_lld.o
                0x0800ad60                VectorDC
 *fill*         0x0800aefc        0x4 
 .text.sd_lld_init
                0x0800af00       0x3c build/obj/serial_lld.o
                0x0800af00                sd_lld_init
 *fill*         0x0800af3c        0x4 
 .text.sd_lld_start
                0x0800af40       0xac build/obj/serial_lld.o
                0x0800af40                sd_lld_start
 *fill*         0x0800afec        0x4 
 .text.__early_init
                0x0800aff0       0x24 build/obj/board.o
                0x0800aff0                __early_init
 *fill*         0x0800b014        0xc 
 .text.sdc_lld_is_card_inserted
                0x0800b020       0x30 build/obj/board.o
                0x0800b020                sdc_lld_is_card_inserted
 .text.sdc_lld_is_write_protected
                0x0800b050       0x24 build/obj/board.o
                0x0800b050                sdc_lld_is_write_protected
 *fill*         0x0800b074        0xc 
 .text.boardInit
                0x0800b080       0x20 build/obj/board.o
                0x0800b080                boardInit
 .text.cos      0x0800b0a0       0xc0 c:/eclipse_e-puck2/tools/gcc-arm-none-eabi-7-2017-q4-major-win32/bin/../lib/gcc/arm-none-eabi/7.2.1/../../../../arm-none-eabi/lib/thumb/v7e-m/fpv4-sp/hard\libm.a(lib_a-s_cos.o)
                0x0800b0a0                cos
 .text.sin      0x0800b160       0xc0 c:/eclipse_e-puck2/tools/gcc-arm-none-eabi-7-2017-q4-major-win32/bin/../lib/gcc/arm-none-eabi/7.2.1/../../../../arm-none-eabi/lib/thumb/v7e-m/fpv4-sp/hard\libm.a(lib_a-s_sin.o)
                0x0800b160                sin
 .text.__ieee754_rem_pio2
                0x0800b220      0x454 c:/eclipse_e-puck2/tools/gcc-arm-none-eabi-7-2017-q4-major-win32/bin/../lib/gcc/arm-none-eabi/7.2.1/../../../../arm-none-eabi/lib/thumb/v7e-m/fpv4-sp/hard\libm.a(lib_a-e_rem_pio2.o)
                0x0800b220                __ieee754_rem_pio2
 *fill*         0x0800b674        0xc 
 .text.__kernel_cos
                0x0800b680      0x284 c:/eclipse_e-puck2/tools/gcc-arm-none-eabi-7-2017-q4-major-win32/bin/../lib/gcc/arm-none-eabi/7.2.1/../../../../arm-none-eabi/lib/thumb/v7e-m/fpv4-sp/hard\libm.a(lib_a-k_cos.o)
                0x0800b680                __kernel_cos
 *fill*         0x0800b904        0xc 
 .text.__kernel_rem_pio2
                0x0800b910      0x818 c:/eclipse_e-puck2/tools/gcc-arm-none-eabi-7-2017-q4-major-win32/bin/../lib/gcc/arm-none-eabi/7.2.1/../../../../arm-none-eabi/lib/thumb/v7e-m/fpv4-sp/hard\libm.a(lib_a-k_rem_pio2.o)
                0x0800b910                __kernel_rem_pio2
 *fill*         0x0800c128        0x8 
 .text.__kernel_sin
                0x0800c130      0x194 c:/eclipse_e-puck2/tools/gcc-arm-none-eabi-7-2017-q4-major-win32/bin/../lib/gcc/arm-none-eabi/7.2.1/../../../../arm-none-eabi/lib/thumb/v7e-m/fpv4-sp/hard\libm.a(lib_a-k_sin.o)
                0x0800c130                __kernel_sin
 *fill*         0x0800c2c4        0xc 
 .text.fabs     0x0800c2d0       0x14 c:/eclipse_e-puck2/tools/gcc-arm-none-eabi-7-2017-q4-major-win32/bin/../lib/gcc/arm-none-eabi/7.2.1/../../../../arm-none-eabi/lib/thumb/v7e-m/fpv4-sp/hard\libm.a(lib_a-s_fabs.o)
                0x0800c2d0                fabs
 *fill*         0x0800c2e4        0xc 
 .text.floor    0x0800c2f0      0x110 c:/eclipse_e-puck2/tools/gcc-arm-none-eabi-7-2017-q4-major-win32/bin/../lib/gcc/arm-none-eabi/7.2.1/../../../../arm-none-eabi/lib/thumb/v7e-m/fpv4-sp/hard\libm.a(lib_a-s_floor.o)
                0x0800c2f0                floor
 .text.scalbn   0x0800c400      0x114 c:/eclipse_e-puck2/tools/gcc-arm-none-eabi-7-2017-q4-major-win32/bin/../lib/gcc/arm-none-eabi/7.2.1/../../../../arm-none-eabi/lib/thumb/v7e-m/fpv4-sp/hard\libm.a(lib_a-s_scalbn.o)
                0x0800c400                scalbn
 *fill*         0x0800c514        0xc 
 .text.copysign
                0x0800c520       0x1c c:/eclipse_e-puck2/tools/gcc-arm-none-eabi-7-2017-q4-major-win32/bin/../lib/gcc/arm-none-eabi/7.2.1/../../../../arm-none-eabi/lib/thumb/v7e-m/fpv4-sp/hard\libm.a(lib_a-s_copysign.o)
                0x0800c520                copysign
 *fill*         0x0800c53c        0x4 
 .text.malloc   0x0800c540       0x10 c:/eclipse_e-puck2/tools/gcc-arm-none-eabi-7-2017-q4-major-win32/bin/../lib/gcc/arm-none-eabi/7.2.1/../../../../arm-none-eabi/lib/thumb/v7e-m/fpv4-sp/hard\libg.a(lib_a-malloc.o)
                0x0800c540                malloc
 .text.free     0x0800c550       0x10 c:/eclipse_e-puck2/tools/gcc-arm-none-eabi-7-2017-q4-major-win32/bin/../lib/gcc/arm-none-eabi/7.2.1/../../../../arm-none-eabi/lib/thumb/v7e-m/fpv4-sp/hard\libg.a(lib_a-malloc.o)
                0x0800c550                free
 .text._malloc_r
                0x0800c560      0x548 c:/eclipse_e-puck2/tools/gcc-arm-none-eabi-7-2017-q4-major-win32/bin/../lib/gcc/arm-none-eabi/7.2.1/../../../../arm-none-eabi/lib/thumb/v7e-m/fpv4-sp/hard\libg.a(lib_a-mallocr.o)
                0x0800c560                _malloc_r
 *fill*         0x0800caa8        0x8 
 .text.__ascii_mbtowc
                0x0800cab0       0x2c c:/eclipse_e-puck2/tools/gcc-arm-none-eabi-7-2017-q4-major-win32/bin/../lib/gcc/arm-none-eabi/7.2.1/../../../../arm-none-eabi/lib/thumb/v7e-m/fpv4-sp/hard\libg.a(lib_a-mbtowc_r.o)
                0x0800cab0                __ascii_mbtowc
 *fill*         0x0800cadc        0x4 
 .text.memset   0x0800cae0       0x94 c:/eclipse_e-puck2/tools/gcc-arm-none-eabi-7-2017-q4-major-win32/bin/../lib/gcc/arm-none-eabi/7.2.1/../../../../arm-none-eabi/lib/thumb/v7e-m/fpv4-sp/hard\libg.a(lib_a-memset.o)
                0x0800cae0                memset
 *fill*         0x0800cb74        0xc 
 .text.snprintf
                0x0800cb80       0x90 c:/eclipse_e-puck2/tools/gcc-arm-none-eabi-7-2017-q4-major-win32/bin/../lib/gcc/arm-none-eabi/7.2.1/../../../../arm-none-eabi/lib/thumb/v7e-m/fpv4-sp/hard\libg.a(lib_a-snprintf.o)
                0x0800cb80                snprintf
 .text.strncpy  0x0800cc10       0x64 c:/eclipse_e-puck2/tools/gcc-arm-none-eabi-7-2017-q4-major-win32/bin/../lib/gcc/arm-none-eabi/7.2.1/../../../../arm-none-eabi/lib/thumb/v7e-m/fpv4-sp/hard\libg.a(lib_a-strncpy.o)
                0x0800cc10                strncpy
 *fill*         0x0800cc74        0xc 
 .text._svfprintf_r
                0x0800cc80     0x144c c:/eclipse_e-puck2/tools/gcc-arm-none-eabi-7-2017-q4-major-win32/bin/../lib/gcc/arm-none-eabi/7.2.1/../../../../arm-none-eabi/lib/thumb/v7e-m/fpv4-sp/hard\libg.a(lib_a-svfprintf.o)
                0x0800cc80                _svfprintf_r
 *fill*         0x0800e0cc        0x4 
 .text.__ascii_wctomb
                0x0800e0d0       0x1c c:/eclipse_e-puck2/tools/gcc-arm-none-eabi-7-2017-q4-major-win32/bin/../lib/gcc/arm-none-eabi/7.2.1/../../../../arm-none-eabi/lib/thumb/v7e-m/fpv4-sp/hard\libg.a(lib_a-wctomb_r.o)
                0x0800e0d0                __ascii_wctomb
 *fill*         0x0800e0ec        0x4 
 .text.quorem   0x0800e0f0      0x124 c:/eclipse_e-puck2/tools/gcc-arm-none-eabi-7-2017-q4-major-win32/bin/../lib/gcc/arm-none-eabi/7.2.1/../../../../arm-none-eabi/lib/thumb/v7e-m/fpv4-sp/hard\libg.a(lib_a-dtoa.o)
 *fill*         0x0800e214        0xc 
 .text._dtoa_r  0x0800e220      0xe28 c:/eclipse_e-puck2/tools/gcc-arm-none-eabi-7-2017-q4-major-win32/bin/../lib/gcc/arm-none-eabi/7.2.1/../../../../arm-none-eabi/lib/thumb/v7e-m/fpv4-sp/hard\libg.a(lib_a-dtoa.o)
                0x0800e220                _dtoa_r
 *fill*         0x0800f048        0x8 
 .text._malloc_trim_r
                0x0800f050       0xa0 c:/eclipse_e-puck2/tools/gcc-arm-none-eabi-7-2017-q4-major-win32/bin/../lib/gcc/arm-none-eabi/7.2.1/../../../../arm-none-eabi/lib/thumb/v7e-m/fpv4-sp/hard\libg.a(lib_a-freer.o)
                0x0800f050                _malloc_trim_r
 .text._free_r  0x0800f0f0      0x1e8 c:/eclipse_e-puck2/tools/gcc-arm-none-eabi-7-2017-q4-major-win32/bin/../lib/gcc/arm-none-eabi/7.2.1/../../../../arm-none-eabi/lib/thumb/v7e-m/fpv4-sp/hard\libg.a(lib_a-freer.o)
                0x0800f0f0                _free_r
 *fill*         0x0800f2d8        0x8 
 .text._localeconv_r
                0x0800f2e0       0x1c c:/eclipse_e-puck2/tools/gcc-arm-none-eabi-7-2017-q4-major-win32/bin/../lib/gcc/arm-none-eabi/7.2.1/../../../../arm-none-eabi/lib/thumb/v7e-m/fpv4-sp/hard\libg.a(lib_a-localeconv.o)
                0x0800f2e0                _localeconv_r
 *fill*         0x0800f2fc        0x4 
 .text._Balloc  0x0800f300       0x4c c:/eclipse_e-puck2/tools/gcc-arm-none-eabi-7-2017-q4-major-win32/bin/../lib/gcc/arm-none-eabi/7.2.1/../../../../arm-none-eabi/lib/thumb/v7e-m/fpv4-sp/hard\libg.a(lib_a-mprec.o)
                0x0800f300                _Balloc
 *fill*         0x0800f34c        0x4 
 .text._Bfree   0x0800f350       0x14 c:/eclipse_e-puck2/tools/gcc-arm-none-eabi-7-2017-q4-major-win32/bin/../lib/gcc/arm-none-eabi/7.2.1/../../../../arm-none-eabi/lib/thumb/v7e-m/fpv4-sp/hard\libg.a(lib_a-mprec.o)
                0x0800f350                _Bfree
 *fill*         0x0800f364        0xc 
 .text.__multadd
                0x0800f370       0x80 c:/eclipse_e-puck2/tools/gcc-arm-none-eabi-7-2017-q4-major-win32/bin/../lib/gcc/arm-none-eabi/7.2.1/../../../../arm-none-eabi/lib/thumb/v7e-m/fpv4-sp/hard\libg.a(lib_a-mprec.o)
                0x0800f370                __multadd
 .text.__hi0bits
                0x0800f3f0       0x40 c:/eclipse_e-puck2/tools/gcc-arm-none-eabi-7-2017-q4-major-win32/bin/../lib/gcc/arm-none-eabi/7.2.1/../../../../arm-none-eabi/lib/thumb/v7e-m/fpv4-sp/hard\libg.a(lib_a-mprec.o)
                0x0800f3f0                __hi0bits
 .text.__lo0bits
                0x0800f430       0x60 c:/eclipse_e-puck2/tools/gcc-arm-none-eabi-7-2017-q4-major-win32/bin/../lib/gcc/arm-none-eabi/7.2.1/../../../../arm-none-eabi/lib/thumb/v7e-m/fpv4-sp/hard\libg.a(lib_a-mprec.o)
                0x0800f430                __lo0bits
 .text.__i2b    0x0800f490       0x14 c:/eclipse_e-puck2/tools/gcc-arm-none-eabi-7-2017-q4-major-win32/bin/../lib/gcc/arm-none-eabi/7.2.1/../../../../arm-none-eabi/lib/thumb/v7e-m/fpv4-sp/hard\libg.a(lib_a-mprec.o)
                0x0800f490                __i2b
 *fill*         0x0800f4a4        0xc 
 .text.__multiply
                0x0800f4b0      0x14c c:/eclipse_e-puck2/tools/gcc-arm-none-eabi-7-2017-q4-major-win32/bin/../lib/gcc/arm-none-eabi/7.2.1/../../../../arm-none-eabi/lib/thumb/v7e-m/fpv4-sp/hard\libg.a(lib_a-mprec.o)
                0x0800f4b0                __multiply
 *fill*         0x0800f5fc        0x4 
 .text.__pow5mult
                0x0800f600       0xa0 c:/eclipse_e-puck2/tools/gcc-arm-none-eabi-7-2017-q4-major-win32/bin/../lib/gcc/arm-none-eabi/7.2.1/../../../../arm-none-eabi/lib/thumb/v7e-m/fpv4-sp/hard\libg.a(lib_a-mprec.o)
                0x0800f600                __pow5mult
 .text.__lshift
                0x0800f6a0       0xac c:/eclipse_e-puck2/tools/gcc-arm-none-eabi-7-2017-q4-major-win32/bin/../lib/gcc/arm-none-eabi/7.2.1/../../../../arm-none-eabi/lib/thumb/v7e-m/fpv4-sp/hard\libg.a(lib_a-mprec.o)
                0x0800f6a0                __lshift
 *fill*         0x0800f74c        0x4 
 .text.__mcmp   0x0800f750       0x38 c:/eclipse_e-puck2/tools/gcc-arm-none-eabi-7-2017-q4-major-win32/bin/../lib/gcc/arm-none-eabi/7.2.1/../../../../arm-none-eabi/lib/thumb/v7e-m/fpv4-sp/hard\libg.a(lib_a-mprec.o)
                0x0800f750                __mcmp
 *fill*         0x0800f788        0x8 
 .text.__mdiff  0x0800f790       0xec c:/eclipse_e-puck2/tools/gcc-arm-none-eabi-7-2017-q4-major-win32/bin/../lib/gcc/arm-none-eabi/7.2.1/../../../../arm-none-eabi/lib/thumb/v7e-m/fpv4-sp/hard\libg.a(lib_a-mprec.o)
                0x0800f790                __mdiff
 *fill*         0x0800f87c        0x4 
 .text.__d2b    0x0800f880       0xc4 c:/eclipse_e-puck2/tools/gcc-arm-none-eabi-7-2017-q4-major-win32/bin/../lib/gcc/arm-none-eabi/7.2.1/../../../../arm-none-eabi/lib/thumb/v7e-m/fpv4-sp/hard\libg.a(lib_a-mprec.o)
                0x0800f880                __d2b
 *fill*         0x0800f944        0xc 
 .text.__ssprint_r
                0x0800f950       0xf4 c:/eclipse_e-puck2/tools/gcc-arm-none-eabi-7-2017-q4-major-win32/bin/../lib/gcc/arm-none-eabi/7.2.1/../../../../arm-none-eabi/lib/thumb/v7e-m/fpv4-sp/hard\libg.a(lib_a-svfiprintf.o)
                0x0800f950                __ssprint_r
 *fill*         0x0800fa44        0xc 
 .text._calloc_r
                0x0800fa50       0x68 c:/eclipse_e-puck2/tools/gcc-arm-none-eabi-7-2017-q4-major-win32/bin/../lib/gcc/arm-none-eabi/7.2.1/../../../../arm-none-eabi/lib/thumb/v7e-m/fpv4-sp/hard\libg.a(lib_a-callocr.o)
                0x0800fa50                _calloc_r
 *fill*         0x0800fab8        0x8 
 .text.memmove  0x0800fac0       0xc8 c:/eclipse_e-puck2/tools/gcc-arm-none-eabi-7-2017-q4-major-win32/bin/../lib/gcc/arm-none-eabi/7.2.1/../../../../arm-none-eabi/lib/thumb/v7e-m/fpv4-sp/hard\libg.a(lib_a-memmove.o)
                0x0800fac0                memmove
 *fill*         0x0800fb88        0x8 
 .text._realloc_r
                0x0800fb90      0x35c c:/eclipse_e-puck2/tools/gcc-arm-none-eabi-7-2017-q4-major-win32/bin/../lib/gcc/arm-none-eabi/7.2.1/../../../../arm-none-eabi/lib/thumb/v7e-m/fpv4-sp/hard\libg.a(lib_a-reallocr.o)
                0x0800fb90                _realloc_r
 *(.rodata)
 *(.rodata.*)
 *fill*         0x0800feec        0x4 
 .rodata.__func__.9289
                0x0800fef0        0xc build/obj/main.o
 *fill*         0x0800fefc        0x4 
 .rodata.__stack_chk_fail.str1.4
                0x0800ff00       0x18 build/obj/main.o
 *fill*         0x0800ff18        0x8 
 .rodata.p.11118
                0x0800ff20        0x1 build/obj/map.o
 *fill*         0x0800ff21        0xf 
 .rodata.s.11117
                0x0800ff30        0x1 build/obj/map.o
 *fill*         0x0800ff31        0xf 
 .rodata.w.11119
                0x0800ff40        0x1 build/obj/map.o
 *fill*         0x0800ff41        0xf 
 .rodata.i2c_cfg1.9863
                0x0800ff50        0xc build/obj/i2c_bus.o
 *fill*         0x0800ff5c        0x4 
 .rodata.MemManage_Handler.str1.4
                0x0800ff60       0x56 build/obj/memory_protection.o
 *fill*         0x0800ffb6        0xa 
 .rodata.__func__.11596
                0x0800ffc0       0x15 build/obj/memory_protection.o
 *fill*         0x0800ffd5        0xb 
 .rodata.__func__.8875
                0x0800ffe0        0xc build/obj/memory_protection.o
 *fill*         0x0800ffec        0x4 
 .rodata.pwmcfg_left_motor.9971
                0x0800fff0       0x34 build/obj/motors.o
 *fill*         0x08010024        0xc 
 .rodata.pwmcfg_right_motor.9970
                0x08010030       0x34 build/obj/motors.o
 *fill*         0x08010064        0xc 
 .rodata.step_halt
                0x08010070        0x4 build/obj/motors.o
 *fill*         0x08010074        0xc 
 .rodata.step_table
                0x08010080       0x20 build/obj/motors.o
 .rodata.__FUNCTION__.11427
                0x080100a0        0xf build/obj/imu.o
 *fill*         0x080100af        0x1 
 .rodata.__func__.7153
                0x080100b0        0xc build/obj/imu.o
 *fill*         0x080100bc        0x4 
 .rodata.imu_reader_thd.str1.4
                0x080100c0        0x5 build/obj/imu.o
 *fill*         0x080100c5        0xb 
 .rodata.__FUNCTION__.12261
                0x080100d0        0xe build/obj/proximity.o
 *fill*         0x080100de        0x2 
 .rodata.adcgrpcfg2
                0x080100e0       0x28 build/obj/proximity.o
 *fill*         0x08010108        0x8 
 .rodata.proximity_thd.str1.4
                0x08010110        0xb build/obj/proximity.o
 *fill*         0x0801011b        0x5 
 .rodata.pwmcfg_proximity.12300
                0x08010120       0x34 build/obj/proximity.o
 *fill*         0x08010154        0xc 
 .rodata.__func__.10924
                0x08010160        0x8 build/obj/newlib_syscalls.o
 *fill*         0x08010168        0x8 
 .rodata._unhandled_exception.str1.4
                0x08010170       0x14 build/obj/vectors.o
 *fill*         0x08010184        0xc 
 .rodata.chSysInit.str1.4
                0x08010190        0x5 build/obj/chsys.o
 *fill*         0x08010195        0xb 
 .rodata._dbg_check_enable.str1.4
                0x080101a0        0x5 build/obj/chdebug.o
 *fill*         0x080101a5        0xb 
 .rodata._dbg_check_enter_isr.str1.4
                0x080101b0        0x5 build/obj/chdebug.o
 *fill*         0x080101b5        0xb 
 .rodata._dbg_check_leave_isr.str1.4
                0x080101c0        0x5 build/obj/chdebug.o
 *fill*         0x080101c5        0xb 
 .rodata._dbg_check_lock.str1.4
                0x080101d0        0x5 build/obj/chdebug.o
 *fill*         0x080101d5        0xb 
 .rodata._dbg_check_lock_from_isr.str1.4
                0x080101e0        0x5 build/obj/chdebug.o
 *fill*         0x080101e5        0xb 
 .rodata._dbg_check_unlock.str1.4
                0x080101f0        0x5 build/obj/chdebug.o
 *fill*         0x080101f5        0xb 
 .rodata._dbg_check_unlock_from_isr.str1.4
                0x08010200        0x5 build/obj/chdebug.o
 *fill*         0x08010205        0xb 
 .rodata.chDbgCheckClassI.str1.4
                0x08010210        0x6 build/obj/chdebug.o
 *fill*         0x08010216        0xa 
 .rodata.chDbgCheckClassS.str1.4
                0x08010220        0x6 build/obj/chdebug.o
 *fill*         0x08010226        0xa 
 .rodata.__func__.7857
                0x08010230        0xb build/obj/chvt.o
 *fill*         0x0801023b        0x5 
 .rodata.__func__.7864
                0x08010240        0xd build/obj/chvt.o
 *fill*         0x0801024d        0x3 
 .rodata.__func__.7854
                0x08010250        0xc build/obj/chschd.o
 *fill*         0x0801025c        0x4 
 .rodata.chSchGoSleepS.str1.4
                0x08010260        0xf build/obj/chschd.o
 *fill*         0x0801026f        0x1 
 .rodata.__func__.7153
                0x08010270        0xc build/obj/chthreads.o
 *fill*         0x0801027c        0x4 
 .rodata.__func__.7324
                0x08010280        0xc build/obj/chthreads.o
 *fill*         0x0801028c        0x4 
 .rodata.__func__.7336
                0x08010290       0x14 build/obj/chthreads.o
 *fill*         0x080102a4        0xc 
 .rodata.__func__.7866
                0x080102b0        0xd build/obj/chthreads.o
 *fill*         0x080102bd        0x3 
 .rodata.__func__.7910
                0x080102c0        0xb build/obj/chthreads.o
 *fill*         0x080102cb        0x5 
 .rodata.__func__.7920
                0x080102d0        0xe build/obj/chthreads.o
 *fill*         0x080102de        0x2 
 .rodata.__func__.7926
                0x080102e0       0x15 build/obj/chthreads.o
 *fill*         0x080102f5        0xb 
 .rodata.__func__.7932
                0x08010300        0xd build/obj/chthreads.o
 *fill*         0x0801030d        0x3 
 .rodata.ch_debug
                0x08010310       0x16 build/obj/chregistry.o
                0x08010310                ch_debug
 *fill*         0x08010326        0xa 
 .rodata.__func__.7153
                0x08010330        0xc build/obj/chsem.o
 *fill*         0x0801033c        0x4 
 .rodata.__func__.7871
                0x08010340        0xb build/obj/chsem.o
 *fill*         0x0801034b        0x5 
 .rodata.__func__.7889
                0x08010350        0xd build/obj/chsem.o
 *fill*         0x0801035d        0x3 
 .rodata.__func__.7153
                0x08010360        0xc build/obj/chmtx.o
 *fill*         0x0801036c        0x4 
 .rodata.__func__.7849
                0x08010370       0x10 build/obj/chmtx.o
 .rodata.__func__.7857
                0x08010380        0xb build/obj/chmtx.o
 *fill*         0x0801038b        0x5 
 .rodata.__func__.7880
                0x08010390        0xc build/obj/chmtx.o
 *fill*         0x0801039c        0x4 
 .rodata.__func__.7153
                0x080103a0        0xc build/obj/chcond.o
 *fill*         0x080103ac        0x4 
 .rodata.__func__.7865
                0x080103b0       0x11 build/obj/chcond.o
 *fill*         0x080103c1        0xf 
 .rodata.__func__.7153
                0x080103d0        0xc build/obj/chevents.o
 *fill*         0x080103dc        0x4 
 .rodata.__func__.7852
                0x080103e0       0x1b build/obj/chevents.o
 *fill*         0x080103fb        0x5 
 .rodata.__func__.7874
                0x08010400       0x15 build/obj/chevents.o
 *fill*         0x08010415        0xb 
 .rodata.__func__.7891
                0x08010420        0xd build/obj/chevents.o
 *fill*         0x0801042d        0x3 
 .rodata.__func__.7153
                0x08010430        0xc build/obj/chqueues.o
 *fill*         0x0801043c        0x4 
 .rodata.__func__.7877
                0x08010440       0x10 build/obj/chqueues.o
 .rodata.__func__.7913
                0x08010450       0x11 build/obj/chqueues.o
 *fill*         0x08010461        0xf 
 .rodata.__func__.7153
                0x08010470        0xc build/obj/chmemcore.o
 *fill*         0x0801047c        0x4 
 .rodata.__func__.9848
                0x08010480       0x11 build/obj/hal_mmcsd.o
 *fill*         0x08010491        0xf 
 .rodata.__func__.9855
                0x080104a0       0x14 build/obj/hal_mmcsd.o
 *fill*         0x080104b4        0xc 
 .rodata.__func__.9863
                0x080104c0       0x18 build/obj/hal_mmcsd.o
 *fill*         0x080104d8        0x8 
 .rodata.__func__.7153
                0x080104e0        0xc build/obj/adc.o
 *fill*         0x080104ec        0x4 
 .rodata.__func__.9849
                0x080104f0        0x9 build/obj/adc.o
 *fill*         0x080104f9        0x7 
 .rodata.__func__.9866
                0x08010500       0x14 build/obj/adc.o
 *fill*         0x08010514        0xc 
 .rodata.__func__.9886
                0x08010520        0xe build/obj/adc.o
 *fill*         0x0801052e        0x2 
 .rodata.__func__.7153
                0x08010530        0xc build/obj/i2c.o
 *fill*         0x0801053c        0x4 
 .rodata.__func__.9849
                0x08010540        0x9 build/obj/i2c.o
 *fill*         0x08010549        0x7 
 .rodata.__func__.9853
                0x08010550        0x8 build/obj/i2c.o
 *fill*         0x08010558        0x8 
 .rodata.__func__.9857
                0x08010560        0xd build/obj/i2c.o
 *fill*         0x0801056d        0x3 
 .rodata.__func__.9868
                0x08010570       0x19 build/obj/i2c.o
 *fill*         0x08010589        0x7 
 .rodata.__func__.9881
                0x08010590        0xe build/obj/i2c.o
 *fill*         0x0801059e        0x2 
 .rodata.__func__.9885
                0x080105a0        0xe build/obj/i2c.o
 *fill*         0x080105ae        0x2 
 .rodata.__func__.7153
                0x080105b0        0xc build/obj/pwm.o
 *fill*         0x080105bc        0x4 
 .rodata.__func__.9849
                0x080105c0        0x9 build/obj/pwm.o
 *fill*         0x080105c9        0x7 
 .rodata.__func__.9864
                0x080105d0       0x11 build/obj/pwm.o
 *fill*         0x080105e1        0xf 
 .rodata.__func__.9869
                0x080105f0       0x12 build/obj/pwm.o
 *fill*         0x08010602        0xe 
 .rodata.__func__.9873
                0x08010610       0x1e build/obj/pwm.o
 *fill*         0x0801062e        0x2 
 .rodata.__func__.9882
                0x08010630       0x1d build/obj/pwm.o
 *fill*         0x0801064d        0x3 
 .rodata.__func__.10349
                0x08010650       0x12 build/obj/sdc.o
 *fill*         0x08010662        0xe 
 .rodata.__func__.10381
                0x08010670        0xb build/obj/sdc.o
 *fill*         0x0801067b        0x5 
 .rodata.__func__.10392
                0x08010680        0xe build/obj/sdc.o
 *fill*         0x0801068e        0x2 
 .rodata.__func__.10400
                0x08010690        0x8 build/obj/sdc.o
 *fill*         0x08010698        0x8 
 .rodata.__func__.10408
                0x080106a0        0x9 build/obj/sdc.o
 *fill*         0x080106a9        0x7 
 .rodata.__func__.10418
                0x080106b0        0x8 build/obj/sdc.o
 *fill*         0x080106b8        0x8 
 .rodata.__func__.10423
                0x080106c0        0xb build/obj/sdc.o
 *fill*         0x080106cb        0x5 
 .rodata.__func__.7554
                0x080106d0        0xc build/obj/sdc.o
 *fill*         0x080106dc        0x4 
 .rodata.sdc_vmt
                0x080106e0       0x20 build/obj/sdc.o
 .rodata.__func__.7153
                0x08010700        0xc build/obj/serial.o
 *fill*         0x0801070c        0x4 
 .rodata.__func__.9890
                0x08010710        0x8 build/obj/serial.o
 *fill*         0x08010718        0x8 
 .rodata.__func__.9899
                0x08010720       0x10 build/obj/serial.o
 .rodata.vmt    0x08010730       0x20 build/obj/serial.o
 .rodata.__func__.10349
                0x08010750       0x11 build/obj/usb.o
 *fill*         0x08010761        0xf 
 .rodata.__func__.10354
                0x08010770       0x12 build/obj/usb.o
 *fill*         0x08010782        0xe 
 .rodata.__func__.10388
                0x08010790        0xb build/obj/usb.o
 *fill*         0x0801079b        0x5 
 .rodata.__func__.10402
                0x080107a0        0xc build/obj/usb.o
 *fill*         0x080107ac        0x4 
 .rodata.active_status
                0x080107b0        0x2 build/obj/usb.o